###############################################################################
#
# IAR ELF Linker V9.50.2.385/W64 for ARM                  13/Jan/2025  17:45:45
# Copyright 2007-2024 IAR Systems AB.
#
#    Output file  =
#        C:\Users\heuch\Desktop\ARM\STM32\Study\temp_measure_LVGL\EWARM\LTDC\Exe\LTDC.out
#    Map file     =
#        C:\Users\heuch\Desktop\ARM\STM32\Study\temp_measure_LVGL\EWARM\LTDC\List\LTDC.map
#    Command line =
#        -f
#        C:\Users\heuch\Desktop\ARM\STM32\Study\temp_measure_LVGL\EWARM\LTDC\Exe\LTDC.out.rsp
#        (C:\Users\heuch\Desktop\ARM\STM32\Study\temp_measure_LVGL\EWARM\LTDC\Obj\Core_13247989168731456611.dir\24cxx.o
#        C:\Users\heuch\Desktop\ARM\STM32\Study\temp_measure_LVGL\EWARM\LTDC\Obj\Core_13247989168731456611.dir\adc.o
#        C:\Users\heuch\Desktop\ARM\STM32\Study\temp_measure_LVGL\EWARM\LTDC\Obj\Core_13247989168731456611.dir\ctiic.o
#        C:\Users\heuch\Desktop\ARM\STM32\Study\temp_measure_LVGL\EWARM\LTDC\Obj\Core_13247989168731456611.dir\delay.o
#        C:\Users\heuch\Desktop\ARM\STM32\Study\temp_measure_LVGL\EWARM\LTDC\Obj\Core_13247989168731456611.dir\dma.o
#        C:\Users\heuch\Desktop\ARM\STM32\Study\temp_measure_LVGL\EWARM\LTDC\Obj\Core_13247989168731456611.dir\ft5206.o
#        C:\Users\heuch\Desktop\ARM\STM32\Study\temp_measure_LVGL\EWARM\LTDC\Obj\Core_13247989168731456611.dir\gpio.o
#        C:\Users\heuch\Desktop\ARM\STM32\Study\temp_measure_LVGL\EWARM\LTDC\Obj\Core_13247989168731456611.dir\gt9xxx.o
#        C:\Users\heuch\Desktop\ARM\STM32\Study\temp_measure_LVGL\EWARM\LTDC\Obj\images_7183059988199839174.dir\heu_logo.o
#        C:\Users\heuch\Desktop\ARM\STM32\Study\temp_measure_LVGL\EWARM\LTDC\Obj\Core_13247989168731456611.dir\key.o
#        C:\Users\heuch\Desktop\ARM\STM32\Study\temp_measure_LVGL\EWARM\LTDC\Obj\Core_13247989168731456611.dir\lcd.o
#        C:\Users\heuch\Desktop\ARM\STM32\Study\temp_measure_LVGL\EWARM\LTDC\Obj\Core_13247989168731456611.dir\led.o
#        C:\Users\heuch\Desktop\ARM\STM32\Study\temp_measure_LVGL\EWARM\LTDC\Obj\Core_13247989168731456611.dir\ltdc.o
#        C:\Users\heuch\Desktop\ARM\STM32\Study\temp_measure_LVGL\EWARM\LTDC\Obj\misc_2649020512424640869.dir\lv_anim.o
#        C:\Users\heuch\Desktop\ARM\STM32\Study\temp_measure_LVGL\EWARM\LTDC\Obj\misc_2649020512424640869.dir\lv_anim_timeline.o
#        C:\Users\heuch\Desktop\ARM\STM32\Study\temp_measure_LVGL\EWARM\LTDC\Obj\extra_16734186234889456325.dir\lv_animimg.o
#        C:\Users\heuch\Desktop\ARM\STM32\Study\temp_measure_LVGL\EWARM\LTDC\Obj\widgets_14443196474108422803.dir\lv_arc.o
#        C:\Users\heuch\Desktop\ARM\STM32\Study\temp_measure_LVGL\EWARM\LTDC\Obj\misc_2649020512424640869.dir\lv_area.o
#        C:\Users\heuch\Desktop\ARM\STM32\Study\temp_measure_LVGL\EWARM\LTDC\Obj\misc_2649020512424640869.dir\lv_async.o
#        C:\Users\heuch\Desktop\ARM\STM32\Study\temp_measure_LVGL\EWARM\LTDC\Obj\widgets_14443196474108422803.dir\lv_bar.o
#        C:\Users\heuch\Desktop\ARM\STM32\Study\temp_measure_LVGL\EWARM\LTDC\Obj\misc_2649020512424640869.dir\lv_bidi.o
#        C:\Users\heuch\Desktop\ARM\STM32\Study\temp_measure_LVGL\EWARM\LTDC\Obj\widgets_14443196474108422803.dir\lv_btn.o
#        C:\Users\heuch\Desktop\ARM\STM32\Study\temp_measure_LVGL\EWARM\LTDC\Obj\widgets_14443196474108422803.dir\lv_btnmatrix.o
#        C:\Users\heuch\Desktop\ARM\STM32\Study\temp_measure_LVGL\EWARM\LTDC\Obj\extra_16734186234889456325.dir\lv_calendar.o
#        C:\Users\heuch\Desktop\ARM\STM32\Study\temp_measure_LVGL\EWARM\LTDC\Obj\extra_16734186234889456325.dir\lv_calendar_header_arrow.o
#        C:\Users\heuch\Desktop\ARM\STM32\Study\temp_measure_LVGL\EWARM\LTDC\Obj\extra_16734186234889456325.dir\lv_calendar_header_dropdown.o
#        C:\Users\heuch\Desktop\ARM\STM32\Study\temp_measure_LVGL\EWARM\LTDC\Obj\widgets_14443196474108422803.dir\lv_canvas.o
#        C:\Users\heuch\Desktop\ARM\STM32\Study\temp_measure_LVGL\EWARM\LTDC\Obj\extra_16734186234889456325.dir\lv_chart.o
#        C:\Users\heuch\Desktop\ARM\STM32\Study\temp_measure_LVGL\EWARM\LTDC\Obj\widgets_14443196474108422803.dir\lv_checkbox.o
#        C:\Users\heuch\Desktop\ARM\STM32\Study\temp_measure_LVGL\EWARM\LTDC\Obj\misc_2649020512424640869.dir\lv_color.o
#        C:\Users\heuch\Desktop\ARM\STM32\Study\temp_measure_LVGL\EWARM\LTDC\Obj\extra_16734186234889456325.dir\lv_colorwheel.o
#        C:\Users\heuch\Desktop\ARM\STM32\Study\temp_measure_LVGL\EWARM\LTDC\Obj\core_12370908267808153421.dir\lv_disp.o
#        C:\Users\heuch\Desktop\ARM\STM32\Study\temp_measure_LVGL\EWARM\LTDC\Obj\draw_10542837691197429852.dir\lv_draw.o
#        C:\Users\heuch\Desktop\ARM\STM32\Study\temp_measure_LVGL\EWARM\LTDC\Obj\draw_10542837691197429852.dir\lv_draw_arc.o
#        C:\Users\heuch\Desktop\ARM\STM32\Study\temp_measure_LVGL\EWARM\LTDC\Obj\draw_10542837691197429852.dir\lv_draw_img.o
#        C:\Users\heuch\Desktop\ARM\STM32\Study\temp_measure_LVGL\EWARM\LTDC\Obj\draw_10542837691197429852.dir\lv_draw_label.o
#        C:\Users\heuch\Desktop\ARM\STM32\Study\temp_measure_LVGL\EWARM\LTDC\Obj\draw_10542837691197429852.dir\lv_draw_line.o
#        C:\Users\heuch\Desktop\ARM\STM32\Study\temp_measure_LVGL\EWARM\LTDC\Obj\draw_10542837691197429852.dir\lv_draw_mask.o
#        C:\Users\heuch\Desktop\ARM\STM32\Study\temp_measure_LVGL\EWARM\LTDC\Obj\draw_10542837691197429852.dir\lv_draw_rect.o
#        C:\Users\heuch\Desktop\ARM\STM32\Study\temp_measure_LVGL\EWARM\LTDC\Obj\gpu_2374637852588095281.dir\lv_draw_sdl.o
#        C:\Users\heuch\Desktop\ARM\STM32\Study\temp_measure_LVGL\EWARM\LTDC\Obj\gpu_2374637852588095281.dir\lv_draw_sdl_arc.o
#        C:\Users\heuch\Desktop\ARM\STM32\Study\temp_measure_LVGL\EWARM\LTDC\Obj\gpu_2374637852588095281.dir\lv_draw_sdl_bg.o
#        C:\Users\heuch\Desktop\ARM\STM32\Study\temp_measure_LVGL\EWARM\LTDC\Obj\gpu_2374637852588095281.dir\lv_draw_sdl_composite.o
#        C:\Users\heuch\Desktop\ARM\STM32\Study\temp_measure_LVGL\EWARM\LTDC\Obj\gpu_2374637852588095281.dir\lv_draw_sdl_img.o
#        C:\Users\heuch\Desktop\ARM\STM32\Study\temp_measure_LVGL\EWARM\LTDC\Obj\gpu_2374637852588095281.dir\lv_draw_sdl_label.o
#        C:\Users\heuch\Desktop\ARM\STM32\Study\temp_measure_LVGL\EWARM\LTDC\Obj\gpu_2374637852588095281.dir\lv_draw_sdl_line.o
#        C:\Users\heuch\Desktop\ARM\STM32\Study\temp_measure_LVGL\EWARM\LTDC\Obj\gpu_2374637852588095281.dir\lv_draw_sdl_mask.o
#        C:\Users\heuch\Desktop\ARM\STM32\Study\temp_measure_LVGL\EWARM\LTDC\Obj\gpu_2374637852588095281.dir\lv_draw_sdl_polygon.o
#        C:\Users\heuch\Desktop\ARM\STM32\Study\temp_measure_LVGL\EWARM\LTDC\Obj\gpu_2374637852588095281.dir\lv_draw_sdl_rect.o
#        C:\Users\heuch\Desktop\ARM\STM32\Study\temp_measure_LVGL\EWARM\LTDC\Obj\gpu_2374637852588095281.dir\lv_draw_sdl_stack_blur.o
#        C:\Users\heuch\Desktop\ARM\STM32\Study\temp_measure_LVGL\EWARM\LTDC\Obj\gpu_2374637852588095281.dir\lv_draw_sdl_texture_cache.o
#        C:\Users\heuch\Desktop\ARM\STM32\Study\temp_measure_LVGL\EWARM\LTDC\Obj\gpu_2374637852588095281.dir\lv_draw_sdl_utils.o
#        C:\Users\heuch\Desktop\ARM\STM32\Study\temp_measure_LVGL\EWARM\LTDC\Obj\draw_10542837691197429852.dir\lv_draw_sw.o
#        C:\Users\heuch\Desktop\ARM\STM32\Study\temp_measure_LVGL\EWARM\LTDC\Obj\draw_10542837691197429852.dir\lv_draw_sw_arc.o
#        C:\Users\heuch\Desktop\ARM\STM32\Study\temp_measure_LVGL\EWARM\LTDC\Obj\draw_10542837691197429852.dir\lv_draw_sw_blend.o
#        C:\Users\heuch\Desktop\ARM\STM32\Study\temp_measure_LVGL\EWARM\LTDC\Obj\draw_10542837691197429852.dir\lv_draw_sw_dither.o
#        C:\Users\heuch\Desktop\ARM\STM32\Study\temp_measure_LVGL\EWARM\LTDC\Obj\draw_10542837691197429852.dir\lv_draw_sw_gradient.o
#        C:\Users\heuch\Desktop\ARM\STM32\Study\temp_measure_LVGL\EWARM\LTDC\Obj\draw_10542837691197429852.dir\lv_draw_sw_img.o
#        C:\Users\heuch\Desktop\ARM\STM32\Study\temp_measure_LVGL\EWARM\LTDC\Obj\draw_10542837691197429852.dir\lv_draw_sw_letter.o
#        C:\Users\heuch\Desktop\ARM\STM32\Study\temp_measure_LVGL\EWARM\LTDC\Obj\draw_10542837691197429852.dir\lv_draw_sw_line.o
#        C:\Users\heuch\Desktop\ARM\STM32\Study\temp_measure_LVGL\EWARM\LTDC\Obj\draw_10542837691197429852.dir\lv_draw_sw_polygon.o
#        C:\Users\heuch\Desktop\ARM\STM32\Study\temp_measure_LVGL\EWARM\LTDC\Obj\draw_10542837691197429852.dir\lv_draw_sw_rect.o
#        C:\Users\heuch\Desktop\ARM\STM32\Study\temp_measure_LVGL\EWARM\LTDC\Obj\draw_10542837691197429852.dir\lv_draw_triangle.o
#        C:\Users\heuch\Desktop\ARM\STM32\Study\temp_measure_LVGL\EWARM\LTDC\Obj\widgets_14443196474108422803.dir\lv_dropdown.o
#        C:\Users\heuch\Desktop\ARM\STM32\Study\temp_measure_LVGL\EWARM\LTDC\Obj\core_12370908267808153421.dir\lv_event.o
#        C:\Users\heuch\Desktop\ARM\STM32\Study\temp_measure_LVGL\EWARM\LTDC\Obj\extra_16734186234889456325.dir\lv_extra.o
#        C:\Users\heuch\Desktop\ARM\STM32\Study\temp_measure_LVGL\EWARM\LTDC\Obj\extra_16734186234889456325.dir\lv_flex.o
#        C:\Users\heuch\Desktop\ARM\STM32\Study\temp_measure_LVGL\EWARM\LTDC\Obj\font_15165346281545810489.dir\lv_font.o
#        C:\Users\heuch\Desktop\ARM\STM32\Study\temp_measure_LVGL\EWARM\LTDC\Obj\font_15165346281545810489.dir\lv_font_dejavu_16_persian_hebrew.o
#        C:\Users\heuch\Desktop\ARM\STM32\Study\temp_measure_LVGL\EWARM\LTDC\Obj\font_15165346281545810489.dir\lv_font_fmt_txt.o
#        C:\Users\heuch\Desktop\ARM\STM32\Study\temp_measure_LVGL\EWARM\LTDC\Obj\font_15165346281545810489.dir\lv_font_loader.o
#        C:\Users\heuch\Desktop\ARM\STM32\Study\temp_measure_LVGL\EWARM\LTDC\Obj\font_15165346281545810489.dir\lv_font_montserrat_10.o
#        C:\Users\heuch\Desktop\ARM\STM32\Study\temp_measure_LVGL\EWARM\LTDC\Obj\font_15165346281545810489.dir\lv_font_montserrat_12.o
#        C:\Users\heuch\Desktop\ARM\STM32\Study\temp_measure_LVGL\EWARM\LTDC\Obj\font_15165346281545810489.dir\lv_font_montserrat_12_subpx.o
#        C:\Users\heuch\Desktop\ARM\STM32\Study\temp_measure_LVGL\EWARM\LTDC\Obj\font_15165346281545810489.dir\lv_font_montserrat_14.o
#        C:\Users\heuch\Desktop\ARM\STM32\Study\temp_measure_LVGL\EWARM\LTDC\Obj\font_15165346281545810489.dir\lv_font_montserrat_16.o
#        C:\Users\heuch\Desktop\ARM\STM32\Study\temp_measure_LVGL\EWARM\LTDC\Obj\font_15165346281545810489.dir\lv_font_montserrat_18.o
#        C:\Users\heuch\Desktop\ARM\STM32\Study\temp_measure_LVGL\EWARM\LTDC\Obj\font_15165346281545810489.dir\lv_font_montserrat_20.o
#        C:\Users\heuch\Desktop\ARM\STM32\Study\temp_measure_LVGL\EWARM\LTDC\Obj\font_15165346281545810489.dir\lv_font_montserrat_22.o
#        C:\Users\heuch\Desktop\ARM\STM32\Study\temp_measure_LVGL\EWARM\LTDC\Obj\font_15165346281545810489.dir\lv_font_montserrat_24.o
#        C:\Users\heuch\Desktop\ARM\STM32\Study\temp_measure_LVGL\EWARM\LTDC\Obj\font_15165346281545810489.dir\lv_font_montserrat_26.o
#        C:\Users\heuch\Desktop\ARM\STM32\Study\temp_measure_LVGL\EWARM\LTDC\Obj\font_15165346281545810489.dir\lv_font_montserrat_28.o
#        C:\Users\heuch\Desktop\ARM\STM32\Study\temp_measure_LVGL\EWARM\LTDC\Obj\font_15165346281545810489.dir\lv_font_montserrat_28_compressed.o
#        C:\Users\heuch\Desktop\ARM\STM32\Study\temp_measure_LVGL\EWARM\LTDC\Obj\font_15165346281545810489.dir\lv_font_montserrat_30.o
#        C:\Users\heuch\Desktop\ARM\STM32\Study\temp_measure_LVGL\EWARM\LTDC\Obj\font_15165346281545810489.dir\lv_font_montserrat_32.o
#        C:\Users\heuch\Desktop\ARM\STM32\Study\temp_measure_LVGL\EWARM\LTDC\Obj\font_15165346281545810489.dir\lv_font_montserrat_34.o
#        C:\Users\heuch\Desktop\ARM\STM32\Study\temp_measure_LVGL\EWARM\LTDC\Obj\font_15165346281545810489.dir\lv_font_montserrat_36.o
#        C:\Users\heuch\Desktop\ARM\STM32\Study\temp_measure_LVGL\EWARM\LTDC\Obj\font_15165346281545810489.dir\lv_font_montserrat_38.o
#        C:\Users\heuch\Desktop\ARM\STM32\Study\temp_measure_LVGL\EWARM\LTDC\Obj\font_15165346281545810489.dir\lv_font_montserrat_40.o
#        C:\Users\heuch\Desktop\ARM\STM32\Study\temp_measure_LVGL\EWARM\LTDC\Obj\font_15165346281545810489.dir\lv_font_montserrat_42.o
#        C:\Users\heuch\Desktop\ARM\STM32\Study\temp_measure_LVGL\EWARM\LTDC\Obj\font_15165346281545810489.dir\lv_font_montserrat_44.o
#        C:\Users\heuch\Desktop\ARM\STM32\Study\temp_measure_LVGL\EWARM\LTDC\Obj\font_15165346281545810489.dir\lv_font_montserrat_46.o
#        C:\Users\heuch\Desktop\ARM\STM32\Study\temp_measure_LVGL\EWARM\LTDC\Obj\font_15165346281545810489.dir\lv_font_montserrat_48.o
#        C:\Users\heuch\Desktop\ARM\STM32\Study\temp_measure_LVGL\EWARM\LTDC\Obj\font_15165346281545810489.dir\lv_font_montserrat_8.o
#        C:\Users\heuch\Desktop\ARM\STM32\Study\temp_measure_LVGL\EWARM\LTDC\Obj\font_15165346281545810489.dir\lv_font_simsun_16_cjk.o
#        C:\Users\heuch\Desktop\ARM\STM32\Study\temp_measure_LVGL\EWARM\LTDC\Obj\font_15165346281545810489.dir\lv_font_unscii_16.o
#        C:\Users\heuch\Desktop\ARM\STM32\Study\temp_measure_LVGL\EWARM\LTDC\Obj\font_15165346281545810489.dir\lv_font_unscii_8.o
#        C:\Users\heuch\Desktop\ARM\STM32\Study\temp_measure_LVGL\EWARM\LTDC\Obj\misc_2649020512424640869.dir\lv_fs.o
#        C:\Users\heuch\Desktop\ARM\STM32\Study\temp_measure_LVGL\EWARM\LTDC\Obj\misc_2649020512424640869.dir\lv_gc.o
#        C:\Users\heuch\Desktop\ARM\STM32\Study\temp_measure_LVGL\EWARM\LTDC\Obj\gpu_2374637852588095281.dir\lv_gpu_stm32_dma2d.o
#        C:\Users\heuch\Desktop\ARM\STM32\Study\temp_measure_LVGL\EWARM\LTDC\Obj\extra_16734186234889456325.dir\lv_grid.o
#        C:\Users\heuch\Desktop\ARM\STM32\Study\temp_measure_LVGL\EWARM\LTDC\Obj\extra_16734186234889456325.dir\lv_gridnav.o
#        C:\Users\heuch\Desktop\ARM\STM32\Study\temp_measure_LVGL\EWARM\LTDC\Obj\core_12370908267808153421.dir\lv_group.o
#        C:\Users\heuch\Desktop\ARM\STM32\Study\temp_measure_LVGL\EWARM\LTDC\Obj\hal_7470399288984429285.dir\lv_hal_disp.o
#        C:\Users\heuch\Desktop\ARM\STM32\Study\temp_measure_LVGL\EWARM\LTDC\Obj\hal_7470399288984429285.dir\lv_hal_indev.o
#        C:\Users\heuch\Desktop\ARM\STM32\Study\temp_measure_LVGL\EWARM\LTDC\Obj\hal_7470399288984429285.dir\lv_hal_tick.o
#        C:\Users\heuch\Desktop\ARM\STM32\Study\temp_measure_LVGL\EWARM\LTDC\Obj\widgets_14443196474108422803.dir\lv_img.o
#        C:\Users\heuch\Desktop\ARM\STM32\Study\temp_measure_LVGL\EWARM\LTDC\Obj\draw_10542837691197429852.dir\lv_img_buf.o
#        C:\Users\heuch\Desktop\ARM\STM32\Study\temp_measure_LVGL\EWARM\LTDC\Obj\draw_10542837691197429852.dir\lv_img_cache.o
#        C:\Users\heuch\Desktop\ARM\STM32\Study\temp_measure_LVGL\EWARM\LTDC\Obj\draw_10542837691197429852.dir\lv_img_decoder.o
#        C:\Users\heuch\Desktop\ARM\STM32\Study\temp_measure_LVGL\EWARM\LTDC\Obj\extra_16734186234889456325.dir\lv_imgbtn.o
#        C:\Users\heuch\Desktop\ARM\STM32\Study\temp_measure_LVGL\EWARM\LTDC\Obj\core_12370908267808153421.dir\lv_indev.o
#        C:\Users\heuch\Desktop\ARM\STM32\Study\temp_measure_LVGL\EWARM\LTDC\Obj\core_12370908267808153421.dir\lv_indev_scroll.o
#        C:\Users\heuch\Desktop\ARM\STM32\Study\temp_measure_LVGL\EWARM\LTDC\Obj\extra_16734186234889456325.dir\lv_keyboard.o
#        C:\Users\heuch\Desktop\ARM\STM32\Study\temp_measure_LVGL\EWARM\LTDC\Obj\widgets_14443196474108422803.dir\lv_label.o
#        C:\Users\heuch\Desktop\ARM\STM32\Study\temp_measure_LVGL\EWARM\LTDC\Obj\extra_16734186234889456325.dir\lv_led.o
#        C:\Users\heuch\Desktop\ARM\STM32\Study\temp_measure_LVGL\EWARM\LTDC\Obj\widgets_14443196474108422803.dir\lv_line.o
#        C:\Users\heuch\Desktop\ARM\STM32\Study\temp_measure_LVGL\EWARM\LTDC\Obj\extra_16734186234889456325.dir\lv_list.o
#        C:\Users\heuch\Desktop\ARM\STM32\Study\temp_measure_LVGL\EWARM\LTDC\Obj\misc_2649020512424640869.dir\lv_ll.o
#        C:\Users\heuch\Desktop\ARM\STM32\Study\temp_measure_LVGL\EWARM\LTDC\Obj\misc_2649020512424640869.dir\lv_log.o
#        C:\Users\heuch\Desktop\ARM\STM32\Study\temp_measure_LVGL\EWARM\LTDC\Obj\misc_2649020512424640869.dir\lv_lru.o
#        C:\Users\heuch\Desktop\ARM\STM32\Study\temp_measure_LVGL\EWARM\LTDC\Obj\misc_2649020512424640869.dir\lv_math.o
#        C:\Users\heuch\Desktop\ARM\STM32\Study\temp_measure_LVGL\EWARM\LTDC\Obj\misc_2649020512424640869.dir\lv_mem.o
#        C:\Users\heuch\Desktop\ARM\STM32\Study\temp_measure_LVGL\EWARM\LTDC\Obj\extra_16734186234889456325.dir\lv_menu.o
#        C:\Users\heuch\Desktop\ARM\STM32\Study\temp_measure_LVGL\EWARM\LTDC\Obj\extra_16734186234889456325.dir\lv_meter.o
#        C:\Users\heuch\Desktop\ARM\STM32\Study\temp_measure_LVGL\EWARM\LTDC\Obj\extra_16734186234889456325.dir\lv_monkey.o
#        C:\Users\heuch\Desktop\ARM\STM32\Study\temp_measure_LVGL\EWARM\LTDC\Obj\extra_16734186234889456325.dir\lv_msgbox.o
#        C:\Users\heuch\Desktop\ARM\STM32\Study\temp_measure_LVGL\EWARM\LTDC\Obj\core_12370908267808153421.dir\lv_obj.o
#        C:\Users\heuch\Desktop\ARM\STM32\Study\temp_measure_LVGL\EWARM\LTDC\Obj\core_12370908267808153421.dir\lv_obj_class.o
#        C:\Users\heuch\Desktop\ARM\STM32\Study\temp_measure_LVGL\EWARM\LTDC\Obj\core_12370908267808153421.dir\lv_obj_draw.o
#        C:\Users\heuch\Desktop\ARM\STM32\Study\temp_measure_LVGL\EWARM\LTDC\Obj\core_12370908267808153421.dir\lv_obj_pos.o
#        C:\Users\heuch\Desktop\ARM\STM32\Study\temp_measure_LVGL\EWARM\LTDC\Obj\core_12370908267808153421.dir\lv_obj_scroll.o
#        C:\Users\heuch\Desktop\ARM\STM32\Study\temp_measure_LVGL\EWARM\LTDC\Obj\core_12370908267808153421.dir\lv_obj_style.o
#        C:\Users\heuch\Desktop\ARM\STM32\Study\temp_measure_LVGL\EWARM\LTDC\Obj\core_12370908267808153421.dir\lv_obj_style_gen.o
#        C:\Users\heuch\Desktop\ARM\STM32\Study\temp_measure_LVGL\EWARM\LTDC\Obj\core_12370908267808153421.dir\lv_obj_tree.o
#        C:\Users\heuch\Desktop\ARM\STM32\Study\temp_measure_LVGL\EWARM\LTDC\Obj\widgets_14443196474108422803.dir\lv_objx_templ.o
#        C:\Users\heuch\Desktop\ARM\STM32\Study\temp_measure_LVGL\EWARM\LTDC\Obj\porting_10553306724186100541.dir\lv_port_disp_template.o
#        C:\Users\heuch\Desktop\ARM\STM32\Study\temp_measure_LVGL\EWARM\LTDC\Obj\porting_10553306724186100541.dir\lv_port_indev_template.o
#        C:\Users\heuch\Desktop\ARM\STM32\Study\temp_measure_LVGL\EWARM\LTDC\Obj\misc_2649020512424640869.dir\lv_printf.o
#        C:\Users\heuch\Desktop\ARM\STM32\Study\temp_measure_LVGL\EWARM\LTDC\Obj\core_12370908267808153421.dir\lv_refr.o
#        C:\Users\heuch\Desktop\ARM\STM32\Study\temp_measure_LVGL\EWARM\LTDC\Obj\widgets_14443196474108422803.dir\lv_roller.o
#        C:\Users\heuch\Desktop\ARM\STM32\Study\temp_measure_LVGL\EWARM\LTDC\Obj\widgets_14443196474108422803.dir\lv_slider.o
#        C:\Users\heuch\Desktop\ARM\STM32\Study\temp_measure_LVGL\EWARM\LTDC\Obj\extra_16734186234889456325.dir\lv_snapshot.o
#        C:\Users\heuch\Desktop\ARM\STM32\Study\temp_measure_LVGL\EWARM\LTDC\Obj\extra_16734186234889456325.dir\lv_span.o
#        C:\Users\heuch\Desktop\ARM\STM32\Study\temp_measure_LVGL\EWARM\LTDC\Obj\extra_16734186234889456325.dir\lv_spinbox.o
#        C:\Users\heuch\Desktop\ARM\STM32\Study\temp_measure_LVGL\EWARM\LTDC\Obj\extra_16734186234889456325.dir\lv_spinner.o
#        C:\Users\heuch\Desktop\ARM\STM32\Study\temp_measure_LVGL\EWARM\LTDC\Obj\misc_2649020512424640869.dir\lv_style.o
#        C:\Users\heuch\Desktop\ARM\STM32\Study\temp_measure_LVGL\EWARM\LTDC\Obj\misc_2649020512424640869.dir\lv_style_gen.o
#        C:\Users\heuch\Desktop\ARM\STM32\Study\temp_measure_LVGL\EWARM\LTDC\Obj\widgets_14443196474108422803.dir\lv_switch.o
#        C:\Users\heuch\Desktop\ARM\STM32\Study\temp_measure_LVGL\EWARM\LTDC\Obj\widgets_14443196474108422803.dir\lv_table.o
#        C:\Users\heuch\Desktop\ARM\STM32\Study\temp_measure_LVGL\EWARM\LTDC\Obj\extra_16734186234889456325.dir\lv_tabview.o
#        C:\Users\heuch\Desktop\ARM\STM32\Study\temp_measure_LVGL\EWARM\LTDC\Obj\misc_2649020512424640869.dir\lv_templ.o
#        C:\Users\heuch\Desktop\ARM\STM32\Study\temp_measure_LVGL\EWARM\LTDC\Obj\widgets_14443196474108422803.dir\lv_textarea.o
#        C:\Users\heuch\Desktop\ARM\STM32\Study\temp_measure_LVGL\EWARM\LTDC\Obj\core_12370908267808153421.dir\lv_theme.o
#        C:\Users\heuch\Desktop\ARM\STM32\Study\temp_measure_LVGL\EWARM\LTDC\Obj\extra_16734186234889456325.dir\lv_theme_basic.o
#        C:\Users\heuch\Desktop\ARM\STM32\Study\temp_measure_LVGL\EWARM\LTDC\Obj\extra_16734186234889456325.dir\lv_theme_default.o
#        C:\Users\heuch\Desktop\ARM\STM32\Study\temp_measure_LVGL\EWARM\LTDC\Obj\extra_16734186234889456325.dir\lv_theme_mono.o
#        C:\Users\heuch\Desktop\ARM\STM32\Study\temp_measure_LVGL\EWARM\LTDC\Obj\extra_16734186234889456325.dir\lv_tileview.o
#        C:\Users\heuch\Desktop\ARM\STM32\Study\temp_measure_LVGL\EWARM\LTDC\Obj\misc_2649020512424640869.dir\lv_timer.o
#        C:\Users\heuch\Desktop\ARM\STM32\Study\temp_measure_LVGL\EWARM\LTDC\Obj\misc_2649020512424640869.dir\lv_tlsf.o
#        C:\Users\heuch\Desktop\ARM\STM32\Study\temp_measure_LVGL\EWARM\LTDC\Obj\misc_2649020512424640869.dir\lv_txt.o
#        C:\Users\heuch\Desktop\ARM\STM32\Study\temp_measure_LVGL\EWARM\LTDC\Obj\misc_2649020512424640869.dir\lv_txt_ap.o
#        C:\Users\heuch\Desktop\ARM\STM32\Study\temp_measure_LVGL\EWARM\LTDC\Obj\misc_2649020512424640869.dir\lv_utils.o
#        C:\Users\heuch\Desktop\ARM\STM32\Study\temp_measure_LVGL\EWARM\LTDC\Obj\extra_16734186234889456325.dir\lv_win.o
#        C:\Users\heuch\Desktop\ARM\STM32\Study\temp_measure_LVGL\EWARM\LTDC\Obj\Core_13247989168731456611.dir\main.o
#        C:\Users\heuch\Desktop\ARM\STM32\Study\temp_measure_LVGL\EWARM\LTDC\Obj\Core_13247989168731456611.dir\myiic.o
#        C:\Users\heuch\Desktop\ARM\STM32\Study\temp_measure_LVGL\EWARM\LTDC\Obj\Core_13247989168731456611.dir\sdram.o
#        C:\Users\heuch\Desktop\ARM\STM32\Study\temp_measure_LVGL\EWARM\LTDC\Obj\EWARM_18443280873093131863.dir\startup_stm32f429xx.o
#        C:\Users\heuch\Desktop\ARM\STM32\Study\temp_measure_LVGL\EWARM\LTDC\Obj\STM32F4xx_HAL_Driver_1244631019742807970.dir\stm32f4xx_hal.o
#        C:\Users\heuch\Desktop\ARM\STM32\Study\temp_measure_LVGL\EWARM\LTDC\Obj\STM32F4xx_HAL_Driver_1244631019742807970.dir\stm32f4xx_hal_adc.o
#        C:\Users\heuch\Desktop\ARM\STM32\Study\temp_measure_LVGL\EWARM\LTDC\Obj\STM32F4xx_HAL_Driver_1244631019742807970.dir\stm32f4xx_hal_adc_ex.o
#        C:\Users\heuch\Desktop\ARM\STM32\Study\temp_measure_LVGL\EWARM\LTDC\Obj\STM32F4xx_HAL_Driver_1244631019742807970.dir\stm32f4xx_hal_cortex.o
#        C:\Users\heuch\Desktop\ARM\STM32\Study\temp_measure_LVGL\EWARM\LTDC\Obj\STM32F4xx_HAL_Driver_1244631019742807970.dir\stm32f4xx_hal_dma.o
#        C:\Users\heuch\Desktop\ARM\STM32\Study\temp_measure_LVGL\EWARM\LTDC\Obj\STM32F4xx_HAL_Driver_1244631019742807970.dir\stm32f4xx_hal_dma2d.o
#        C:\Users\heuch\Desktop\ARM\STM32\Study\temp_measure_LVGL\EWARM\LTDC\Obj\STM32F4xx_HAL_Driver_1244631019742807970.dir\stm32f4xx_hal_dma_ex.o
#        C:\Users\heuch\Desktop\ARM\STM32\Study\temp_measure_LVGL\EWARM\LTDC\Obj\STM32F4xx_HAL_Driver_1244631019742807970.dir\stm32f4xx_hal_exti.o
#        C:\Users\heuch\Desktop\ARM\STM32\Study\temp_measure_LVGL\EWARM\LTDC\Obj\STM32F4xx_HAL_Driver_1244631019742807970.dir\stm32f4xx_hal_flash.o
#        C:\Users\heuch\Desktop\ARM\STM32\Study\temp_measure_LVGL\EWARM\LTDC\Obj\STM32F4xx_HAL_Driver_1244631019742807970.dir\stm32f4xx_hal_flash_ex.o
#        C:\Users\heuch\Desktop\ARM\STM32\Study\temp_measure_LVGL\EWARM\LTDC\Obj\STM32F4xx_HAL_Driver_1244631019742807970.dir\stm32f4xx_hal_flash_ramfunc.o
#        C:\Users\heuch\Desktop\ARM\STM32\Study\temp_measure_LVGL\EWARM\LTDC\Obj\STM32F4xx_HAL_Driver_1244631019742807970.dir\stm32f4xx_hal_gpio.o
#        C:\Users\heuch\Desktop\ARM\STM32\Study\temp_measure_LVGL\EWARM\LTDC\Obj\STM32F4xx_HAL_Driver_1244631019742807970.dir\stm32f4xx_hal_ltdc.o
#        C:\Users\heuch\Desktop\ARM\STM32\Study\temp_measure_LVGL\EWARM\LTDC\Obj\STM32F4xx_HAL_Driver_1244631019742807970.dir\stm32f4xx_hal_ltdc_ex.o
#        C:\Users\heuch\Desktop\ARM\STM32\Study\temp_measure_LVGL\EWARM\LTDC\Obj\Core_13247989168731456611.dir\stm32f4xx_hal_msp.o
#        C:\Users\heuch\Desktop\ARM\STM32\Study\temp_measure_LVGL\EWARM\LTDC\Obj\STM32F4xx_HAL_Driver_1244631019742807970.dir\stm32f4xx_hal_pwr.o
#        C:\Users\heuch\Desktop\ARM\STM32\Study\temp_measure_LVGL\EWARM\LTDC\Obj\STM32F4xx_HAL_Driver_1244631019742807970.dir\stm32f4xx_hal_pwr_ex.o
#        C:\Users\heuch\Desktop\ARM\STM32\Study\temp_measure_LVGL\EWARM\LTDC\Obj\STM32F4xx_HAL_Driver_1244631019742807970.dir\stm32f4xx_hal_rcc.o
#        C:\Users\heuch\Desktop\ARM\STM32\Study\temp_measure_LVGL\EWARM\LTDC\Obj\STM32F4xx_HAL_Driver_1244631019742807970.dir\stm32f4xx_hal_rcc_ex.o
#        C:\Users\heuch\Desktop\ARM\STM32\Study\temp_measure_LVGL\EWARM\LTDC\Obj\STM32F4xx_HAL_Driver_1244631019742807970.dir\stm32f4xx_hal_sdram.o
#        C:\Users\heuch\Desktop\ARM\STM32\Study\temp_measure_LVGL\EWARM\LTDC\Obj\STM32F4xx_HAL_Driver_1244631019742807970.dir\stm32f4xx_hal_sram.o
#        C:\Users\heuch\Desktop\ARM\STM32\Study\temp_measure_LVGL\EWARM\LTDC\Obj\STM32F4xx_HAL_Driver_1244631019742807970.dir\stm32f4xx_hal_tim.o
#        C:\Users\heuch\Desktop\ARM\STM32\Study\temp_measure_LVGL\EWARM\LTDC\Obj\STM32F4xx_HAL_Driver_1244631019742807970.dir\stm32f4xx_hal_tim_ex.o
#        C:\Users\heuch\Desktop\ARM\STM32\Study\temp_measure_LVGL\EWARM\LTDC\Obj\STM32F4xx_HAL_Driver_1244631019742807970.dir\stm32f4xx_hal_uart.o
#        C:\Users\heuch\Desktop\ARM\STM32\Study\temp_measure_LVGL\EWARM\LTDC\Obj\Core_13247989168731456611.dir\stm32f4xx_it.o
#        C:\Users\heuch\Desktop\ARM\STM32\Study\temp_measure_LVGL\EWARM\LTDC\Obj\STM32F4xx_HAL_Driver_1244631019742807970.dir\stm32f4xx_ll_adc.o
#        C:\Users\heuch\Desktop\ARM\STM32\Study\temp_measure_LVGL\EWARM\LTDC\Obj\STM32F4xx_HAL_Driver_1244631019742807970.dir\stm32f4xx_ll_fmc.o
#        C:\Users\heuch\Desktop\ARM\STM32\Study\temp_measure_LVGL\EWARM\LTDC\Obj\Core_13247989168731456611.dir\sys.o
#        C:\Users\heuch\Desktop\ARM\STM32\Study\temp_measure_LVGL\EWARM\LTDC\Obj\CMSIS_6603591812247902717.dir\system_stm32f4xx.o
#        C:\Users\heuch\Desktop\ARM\STM32\Study\temp_measure_LVGL\EWARM\LTDC\Obj\Core_13247989168731456611.dir\tim.o
#        C:\Users\heuch\Desktop\ARM\STM32\Study\temp_measure_LVGL\EWARM\LTDC\Obj\Core_13247989168731456611.dir\touch.o
#        C:\Users\heuch\Desktop\ARM\STM32\Study\temp_measure_LVGL\EWARM\LTDC\Obj\Core_13247989168731456611.dir\usart.o
#        --no_out_extension -o
#        C:\Users\heuch\Desktop\ARM\STM32\Study\temp_measure_LVGL\EWARM\LTDC\Exe\LTDC.out
#        --redirect _Printf=_PrintfFullNoMb --redirect _Scanf=_ScanfFullNoMb
#        --map
#        C:\Users\heuch\Desktop\ARM\STM32\Study\temp_measure_LVGL\EWARM\LTDC\List\LTDC.map
#        --config "D:\IAR Systems\Embedded Workbench
#        9.2\arm/config/linker/ST/stm32f429xG.icf" --semihosting --entry
#        __iar_program_start --vfe --text_out locale --cpu=Cortex-M4
#        --fpu=VFPv4_sp) --dependencies=n
#        C:\Users\heuch\Desktop\ARM\STM32\Study\temp_measure_LVGL\EWARM\LTDC\Exe\LTDC.out.iar_deps
#
###############################################################################

*******************************************************************************
*** RUNTIME MODEL ATTRIBUTES
***

CppFlavor       = *
__CPP_Runtime   = 1
__SystemLibrary = DLib
__dlib_version  = 6


*******************************************************************************
*** HEAP SELECTION
***

The basic heap was selected because no calls to memory allocation
functions were found in the application outside of system library
functions, there are calls to deallocation functions in the
application, and the application appears to be primarily
optimized for speed.


*******************************************************************************
*** PLACEMENT SUMMARY
***

"A0":  place at address 0x800'0000 { ro section .intvec };
"P1":  place in [from 0x800'0000 to 0x80f'ffff] { ro };
define block CSTACK with size = 8K, alignment = 8 { };
define block HEAP with size = 8K, alignment = 8 { };
"P4":  place in [from 0x2000'0000 to 0x2001'bfff] |
                [from 0x2001'c000 to 0x2001'ffff] |
                [from 0x2002'0000 to 0x2002'ffff] {
          rw, block CSTACK, block HEAP };
initialize by copy { rw };

No sections matched the following patterns:

  ro section application_specific_ro  in "P2|P6"
  rw section application_specific_rw  in "P2|P6"
  section .backup_sram                in "P5"
  section .ccram                      in "P3"


  Section            Kind         Address  Aligment       Size  Object
  -------            ----         -------  --------       ----  ------
"A0":                                                    0x1ac
  .intvec            ro code   0x800'0000         4      0x1ac  startup_stm32f429xx.o [3]
                             - 0x800'01ac                0x1ac

"P1":                                                 0xa'5ab5
  .rodata            const     0x800'01ac         4   0x4'5df8  heu_logo.o [11]
  .rodata            const     0x804'5fa4         4     0xff50  lv_font_montserrat_40.o [8]
  .rodata            const     0x805'5ef4         4     0xa088  lv_font_montserrat_32.o [8]
  .text              ro code   0x805'ff7c         4     0x514e  lcd.o [2]
  .text              ro code   0x806'50ca         2       0x1a  xsnprout.o [15]
  .text              ro code   0x806'50e4         4       0xa8  delay.o [2]
  .text              ro code   0x806'518c         4      0x678  ltdc.o [2]
  .text              ro code   0x806'5804         4       0x1c  U32ToDbl.o [16]
  .text              ro code   0x806'5820         4      0x1aa  DblMul.o [16]
  .text              ro code   0x806'59ca         2        0xa  xsprout.o [15]
  .text              ro code   0x806'59d4         4       0x36  DblToS32.o [16]
  .rodata            const     0x806'5a0a         2        0x2  lv_btnmatrix.o [14]
  .text              ro code   0x806'5a0c         4      0x224  stm32f4xx_hal_gpio.o [4]
  .text              ro code   0x806'5c30         4       0x5a  stm32f4xx_hal_sram.o [4]
  .rodata            const     0x806'5c8a         2        0x2  lv_keyboard.o [7]
  .text              ro code   0x806'5c8c         4      0x27a  stm32f4xx_ll_fmc.o [4]
  .rodata            const     0x806'5f06         2        0x2  lv_keyboard.o [7]
  .text              ro code   0x806'5f08         4      0x250  stm32f4xx_hal_rcc_ex.o [4]
  .text              ro code   0x806'6158         4      0x304  stm32f4xx_hal_ltdc.o [4]
  .text              ro code   0x806'645c         4        0xc  stm32f4xx_hal.o [4]
  .rodata            const     0x806'6468         4     0x50a0  lv_font_montserrat_22.o [8]
  .text              ro code   0x806'b508         4     0x4854  lv_theme_default.o [7]
  .text              ro code   0x806'fd5c         2      0x21e  lv_style_gen.o [12]
  .rodata            const     0x806'ff7a         2        0x2  lv_keyboard.o [7]
  .text              ro code   0x806'ff7c         4      0x228  lv_hal_disp.o [10]
  .text              ro code   0x807'01a4         4      0x2a0  lv_color.o [12]
  .text              ro code   0x807'0444         4      0x99a  lv_mem.o [12]
  .rodata            const     0x807'0dde         2        0x2  lv_keyboard.o [7]
  .text              ro code   0x807'0de0         4      0x40a  lv_style.o [12]
  .rodata            const     0x807'11ea         2        0x2  lv_keyboard.o [7]
  .text              ro code   0x807'11ec         4      0x38a  lv_disp.o [5]
  .rodata            const     0x807'1576         2        0x2  lv_keyboard.o [7]
  .text              ro code   0x807'1578         4     0x1308  lv_obj_style.o [5]
  .text              ro code   0x807'2880         4      0x552  lv_obj_tree.o [5]
  .rodata            const     0x807'2dd2         2        0x2  lv_keyboard.o [7]
  .text              ro code   0x807'2dd4         4      0xdde  lv_obj.o [5]
  .text              ro code   0x807'3bb2         2      0x152  lv_ll.o [12]
  .text              ro code   0x807'3d04         4      0x1d4  lv_timer.o [12]
  .text              ro code   0x807'3ed8         4     0x13d4  lv_obj_scroll.o [5]
  .text              ro code   0x807'52ac         4     0x168c  lv_obj_pos.o [5]
  .text              ro code   0x807'6938         4      0xb52  lv_tlsf.o [12]
  .rodata            const     0x807'748a         2        0x2  lv_keyboard.o [7]
  .text              ro code   0x807'748c         4        0x6  ABImemclr4.o [17]
  .rodata            const     0x807'7492         2        0x2  lv_keyboard.o [7]
  .text              ro code   0x807'7494         4        0x6  ABImemclr.o [17]
  .rodata            const     0x807'749a         2        0x2  lv_keyboard.o [7]
  .text              ro code   0x807'749c         4       0x66  ABImemset.o [17]
  .rodata            const     0x807'7502         2        0x2  lv_keyboard.o [7]
  .text              ro code   0x807'7504         4      0x36c  lv_event.o [5]
  .text              ro code   0x807'7870         4      0x424  lv_anim.o [12]
  .text              ro code   0x807'7c94         2      0x108  lv_obj_style_gen.o [5]
  .text              ro code   0x807'7d9c         2      0x72e  lv_obj_draw.o [5]
  .rodata            const     0x807'84ca         2        0x2  lv_keyboard.o [7]
  .text              ro code   0x807'84cc         4       0xcc  lv_hal_indev.o [10]
  .text              ro code   0x807'8598         4      0xe0c  lv_indev.o [5]
  .text              ro code   0x807'93a4         2      0x23a  lv_obj_class.o [5]
  .rodata            const     0x807'95de         2        0x2  lv_keyboard.o [7]
  .text              ro code   0x807'95e0         4      0x2fc  lv_fs.o [12]
  .text              ro code   0x807'98dc         4      0x402  lv_group.o [5]
  .text              ro code   0x807'9cde         2        0x2  lv_draw.o [6]
  .text              ro code   0x807'9ce0         4      0x21a  lv_gpu_stm32_dma2d.o [9]
  .rodata            const     0x807'9efa         2        0x2  lv_keyboard.o [7]
  .text              ro code   0x807'9efc         4      0xf2c  lv_refr.o [5]
  .text              ro code   0x807'ae28         4      0x830  lv_img_decoder.o [6]
  .text              ro code   0x807'b658         2       0x12  lv_extra.o [7]
  .rodata            const     0x807'b66a         2        0x2  lv_keyboard.o [7]
  .text              ro code   0x807'b66c         4      0x448  lv_area.o [12]
  .text              ro code   0x807'bab4         4       0x7a  lv_draw_rect.o [6]
  .rodata            const     0x807'bb2e         2        0x2  lv_keyboard.o [7]
  .text              ro code   0x807'bb30         4     0x133c  lv_draw_mask.o [6]
  .text              ro code   0x807'ce6c         4       0x40  lv_hal_tick.o [10]
  .text              ro code   0x807'ceac         4       0x3a  ABImemset48.o [17]
  .rodata            const     0x807'cee6         2        0x2  lv_keyboard.o [7]
  .text              ro code   0x807'cee8         4      0x19c  lv_math.o [12]
  .text              ro code   0x807'd084         4      0x318  lv_draw_img.o [6]
  .text              ro code   0x807'd39c         4      0xc62  lv_indev_scroll.o [5]
  .rodata            const     0x807'dffe         2        0x2  lv_keyboard.o [7]
  .text              ro code   0x807'e000         4       0x84  lv_theme.o [5]
  .text              ro code   0x807'e084         4       0xa6  ABImemcpy.o [17]
  .rodata            const     0x807'e12a         2        0x2  lv_keyboard.o [7]
  .text              ro code   0x807'e12c         4       0x36  strlen.o [17]
  .rodata            const     0x807'e162         2        0x2  lv_keyboard.o [7]
  .text              ro code   0x807'e164         4       0x56  lv_draw_sw.o [6]
  .rodata            const     0x807'e1ba         2        0x2  lv_keyboard.o [7]
  .text              ro code   0x807'e1bc         4     0x1040  lv_draw_sw_blend.o [6]
  .text              ro code   0x807'f1fc         4      0x2b0  lv_font_fmt_txt.o [8]
  .text              ro code   0x807'f4ac         4     0x1320  lv_label.o [14]
  .text              ro code   0x808'07cc         4       0x8c  strcpy_fast.o [17]
  .text              ro code   0x808'0858         4       0xb0  strcmp_fast.o [17]
  .text              ro code   0x808'0908         4      0xbcc  lv_flex.o [7]
  .text              ro code   0x808'14d4         4      0xc84  lv_grid.o [7]
  .text              ro code   0x808'2158         4       0x58  lv_img_cache.o [6]
  .text              ro code   0x808'21b0         4      0x968  lv_img_buf.o [6]
  .text              ro code   0x808'2b18         4      0x77c  lv_draw_label.o [6]
  .text              ro code   0x808'3294         4       0x48  lv_utils.o [12]
  .text              ro code   0x808'32dc         4      0x7e4  lv_txt.o [12]
  .text              ro code   0x808'3ac0         4       0x66  lv_font.o [8]
  .text              ro code   0x808'3b26         2       0x2c  lv_draw_line.o [6]
  .rodata            const     0x808'3b52         2        0x2  lv_keyboard.o [7]
  .text              ro code   0x808'3b54         4       0x3c  vsnprint.o [15]
  .text              ro code   0x808'3b90         4      0xeca  xprintffull_nomb.o [15]
  .rodata            const     0x808'4a5a         2        0x2  lv_keyboard.o [7]
  .text              ro code   0x808'4a5c         4       0x16  strchr.o [17]
  .rodata            const     0x808'4a72         2        0x2  lv_keyboard.o [7]
  .text              ro code   0x808'4a74         4       0x40  xfail_s.o [15]
  .text              ro code   0x808'4ab4         4       0x58  memchr.o [17]
  .text              ro code   0x808'4b0c         4       0x70  frexp.o [16]
  .text              ro code   0x808'4b7c         4       0x34  DblCmpLe.o [16]
  .text              ro code   0x808'4bb0         4       0x34  DblCmpGe.o [16]
  .text              ro code   0x808'4be4         4      0x13a  ldexp.o [16]
  .rodata            const     0x808'4d1e         2        0x2  lv_keyboard.o [7]
  .text              ro code   0x808'4d20         4       0x22  S32ToDbl.o [16]
  .rodata            const     0x808'4d42         2        0x2  lv_keyboard.o [7]
  .text              ro code   0x808'4d44         4      0x25e  DblAddSub.o [16]
  .rodata            const     0x808'4fa2         2        0x2  lv_keyboard.o [7]
  .text              ro code   0x808'4fa4         4      0x246  DblDiv.o [16]
  .rodata            const     0x808'51ea         2        0x2  lv_keyboard.o [7]
  .text              ro code   0x808'51ec         4       0x22  DblToU32.o [16]
  .rodata            const     0x808'520e         2        0x2  lv_keyboard.o [7]
  .text              ro code   0x808'5210         4        0x8  xlocale_c.o [15]
  .text              ro code   0x808'5218         4      0x230  I64DivMod.o [17]
  .text              ro code   0x808'5448         2        0x6  abort.o [15]
  .rodata            const     0x808'544e         2        0x2  lv_keyboard.o [7]
  .text              ro code   0x808'5450         4        0x2  I64DivZer.o [17]
  .rodata            const     0x808'5452         2        0x2  lv_keyboard.o [7]
  .text              ro code   0x808'5454         4       0x14  exit.o [18]
  .rodata            const     0x808'5468         4     0x2f80  lcd.o [2]
  .rodata            const     0x808'83e8         4     0x2280  lv_font_montserrat_14.o [8]
  .text              ro code   0x808'a668         4     0x216c  lv_draw_sw_rect.o [6]
  .text              ro code   0x808'c7d4         4      0x478  lv_draw_sw_gradient.o [6]
  .text              ro code   0x808'cc4c         4     0x1cbc  lv_chart.o [7]
  .text              ro code   0x808'e908         4       0x44  snprintf.o [15]
  .text              ro code   0x808'e94c         4     0x1074  lv_textarea.o [14]
  .text              ro code   0x808'f9c0         4     0x1054  lv_btnmatrix.o [14]
  .text              ro code   0x809'0a14         4      0xef4  touch.o [2]
  .text              ro code   0x809'1908         4      0x126  24cxx.o [2]
  .rodata            const     0x809'1a2e         2        0x2  lv_keyboard.o [7]
  .text              ro code   0x809'1a30         4       0x40  sprintf.o [15]
  .text              ro code   0x809'1a70         4      0x484  gt9xxx.o [2]
  .text              ro code   0x809'1ef4         4      0x35c  ft5206.o [2]
  .text              ro code   0x809'2250         4      0x388  myiic.o [2]
  .text              ro code   0x809'25d8         4      0x3cc  ctiic.o [2]
  .text              ro code   0x809'29a4         4      0xd98  lv_roller.o [14]
  .text              ro code   0x809'373c         4      0xd5c  lv_dropdown.o [14]
  .text              ro code   0x809'4498         4      0xbcc  lv_arc.o [14]
  .text              ro code   0x809'5064         2      0x3fe  lv_draw_arc.o [6]
  .rodata            const     0x809'5462         2        0x2  lv_keyboard.o [7]
  .rodata            const     0x809'5464         4      0xbb0  lv_font_montserrat_14.o [8]
  .rodata            const     0x809'6014         4      0xbb0  lv_font_montserrat_22.o [8]
  .rodata            const     0x809'6bc4         4      0xbb0  lv_font_montserrat_32.o [8]
  .rodata            const     0x809'7774         4      0xbb0  lv_font_montserrat_40.o [8]
  .text              ro code   0x809'8324         4      0xacc  lv_colorwheel.o [7]
  .text              ro code   0x809'8df0         4      0xab2  lv_table.o [14]
  .rodata            const     0x809'98a2         2        0x2  lv_keyboard.o [7]
  .text              ro code   0x809'98a4         4      0xaa6  lv_draw_sw_arc.o [6]
  .rodata            const     0x809'a34a         2        0x2  lv_keyboard.o [7]
  .text              ro code   0x809'a34c         4      0x9d0  lv_img.o [14]
  .text              ro code   0x809'ad1c         4      0x918  lv_slider.o [14]
  .text              ro code   0x809'b634         4      0x810  lv_bar.o [14]
  .text              ro code   0x809'be44         4      0x8e8  lv_meter.o [7]
  .text              ro code   0x809'c72c         4      0x7b0  lv_draw_sw_line.o [6]
  .text              ro code   0x809'cedc         4      0x632  stm32f4xx_hal_adc.o [4]
  .rodata            const     0x809'd50e         2        0x2  lv_keyboard.o [7]
  .text              ro code   0x809'd510         4      0x298  adc.o [2]
  .text              ro code   0x809'd7a8         2        0x2  stm32f4xx_hal_adc.o [4]
  .text              ro code   0x809'd7aa         2        0x2  stm32f4xx_hal_adc_ex.o [4]
  .text              ro code   0x809'd7ac         2        0x2  stm32f4xx_hal_adc.o [4]
  .text              ro code   0x809'd7ae         2        0x2  stm32f4xx_hal_adc.o [4]
  .text              ro code   0x809'd7b0         4      0x438  stm32f4xx_hal_dma.o [4]
  .text              ro code   0x809'dbe8         2        0x2  stm32f4xx_hal_adc.o [4]
  .rodata            const     0x809'dbea         2        0x2  lv_keyboard.o [7]
  .text              ro code   0x809'dbec         4      0x4b0  main.o [2]
  .text              ro code   0x809'e09c         4       0xb4  stm32f4xx_hal_cortex.o [4]
  .text              ro code   0x809'e150         4       0x48  FltToDbl.o [16]
  .text              ro code   0x809'e198         4       0x68  DblToFlt.o [16]
  .text              ro code   0x809'e200         4       0x38  stm32f4xx_hal.o [4]
  .text              ro code   0x809'e238         4      0x150  lv_port_disp_template.o [13]
  .text              ro code   0x809'e388         4       0x74  lv_port_indev_template.o [13]
  .text              ro code   0x809'e3fc         4       0x54  led.o [2]
  .text              ro code   0x809'e450         4       0xa4  key.o [2]
  .text              ro code   0x809'e4f4         4      0x1ec  sdram.o [2]
  .text              ro code   0x809'e6e0         4       0x50  gpio.o [2]
  .text              ro code   0x809'e730         4       0x38  dma.o [2]
  .text              ro code   0x809'e768         4       0xdc  usart.o [2]
  .text              ro code   0x809'e844         4       0xa0  tim.o [2]
  .text              ro code   0x809'e8e4         4      0x370  stm32f4xx_hal_rcc.o [4]
  .text              ro code   0x809'ec54         4       0x78  stm32f4xx_hal_pwr_ex.o [4]
  .text              ro code   0x809'eccc         4      0x15c  stm32f4xx_hal_rcc.o [4]
  .text              ro code   0x809'ee28         4       0x48  stm32f4xx_hal.o [4]
  .text              ro code   0x809'ee70         4       0x38  stm32f4xx_hal_msp.o [2]
  .text              ro code   0x809'eea8         4       0xb4  stm32f4xx_hal_sdram.o [4]
  .text              ro code   0x809'ef5c         4      0x54c  stm32f4xx_hal_uart.o [4]
  .text              ro code   0x809'f4a8         4      0x308  stm32f4xx_hal_tim.o [4]
  .text              ro code   0x809'f7b0         4       0x94  stm32f4xx_hal_tim_ex.o [4]
  .text              ro code   0x809'f844         4       0x60  stm32f4xx_hal_rcc.o [4]
  .text              ro code   0x809'f8a4         2        0x2  stm32f4xx_hal_uart.o [4]
  .text              ro code   0x809'f8a6         2        0x2  stm32f4xx_hal_uart.o [4]
  .text              ro code   0x809'f8a8         2        0x2  stm32f4xx_hal_uart.o [4]
  .text              ro code   0x809'f8aa         2        0x2  stm32f4xx_hal_uart.o [4]
  .text              ro code   0x809'f8ac         2        0x2  stm32f4xx_hal_tim.o [4]
  .text              ro code   0x809'f8ae         2        0x2  stm32f4xx_hal_tim.o [4]
  .text              ro code   0x809'f8b0         2        0x2  stm32f4xx_hal_tim.o [4]
  .text              ro code   0x809'f8b2         2        0x2  stm32f4xx_hal_tim_ex.o [4]
  .text              ro code   0x809'f8b4         2        0x2  stm32f4xx_hal_tim.o [4]
  .text              ro code   0x809'f8b6         2        0x2  stm32f4xx_hal_tim_ex.o [4]
  .text              ro code   0x809'f8b8         4      0x59a  lv_draw_sw_img.o [6]
  .rodata            const     0x809'fe52         2        0x2  lv_keyboard.o [7]
  .text              ro code   0x809'fe54         4      0x508  lv_menu.o [7]
  .text              ro code   0x80a'035c         4       0x4c  lv_btn.o [14]
  .text              ro code   0x80a'03a8         4      0x4f4  lv_calendar.o [7]
  .rodata            const     0x80a'089c         4      0x4f0  lv_font_montserrat_14.o [8]
  .rodata            const     0x80a'0d8c         4      0x4f0  lv_font_montserrat_22.o [8]
  .rodata            const     0x80a'127c         4      0x4f0  lv_font_montserrat_32.o [8]
  .rodata            const     0x80a'176c         4      0x4f0  lv_font_montserrat_40.o [8]
  .text              ro code   0x80a'1c5c         4      0x4a4  lv_spinbox.o [7]
  .text              ro code   0x80a'2100         4      0x428  lv_draw_sw_letter.o [6]
  .text              ro code   0x80a'2528         4      0x398  lv_checkbox.o [14]
  .text              ro code   0x80a'28c0         4      0x358  lv_keyboard.o [7]
  .text              ro code   0x80a'2c18         4      0x340  lv_switch.o [14]
  .text              ro code   0x80a'2f58         4      0x324  lv_draw_sw_polygon.o [6]
  .text              ro code   0x80a'327c         4      0x304  lv_tabview.o [7]
  .text              ro code   0x80a'3580         4      0x2b0  lv_led.o [7]
  .rodata            const     0x80a'3830         4      0x28c  lv_calendar_header_dropdown.o [7]
  .text              ro code   0x80a'3abc         2      0x1fa  lz77_init.o [17]
  .rodata            const     0x80a'3cb6         2        0x2  lv_keyboard.o [7]
  .text              ro code   0x80a'3cb8         4      0x1c0  lv_line.o [14]
  .text              ro code   0x80a'3e78         4      0x1ac  lv_calendar_header_arrow.o [7]
  .text              ro code   0x80a'4024         4      0x18c  lv_tileview.o [7]
  .text              ro code   0x80a'41b0         4      0x15c  lv_calendar_header_dropdown.o [7]
  .rodata            const     0x80a'430c         4      0x100  lv_draw_sw_letter.o [6]
  .rodata            const     0x80a'440c         4       0xc0  lv_color.o [12]
  .rodata            const     0x80a'44cc         4       0xb8  lv_math.o [12]
  .rodata            const     0x80a'4584         4       0xb0  lv_keyboard.o [7]
  .rodata            const     0x80a'4634         4       0xb0  lv_keyboard.o [7]
  .rodata            const     0x80a'46e4         4       0xb0  lv_keyboard.o [7]
  .text              ro code   0x80a'4794         4       0xa8  lv_spinner.o [7]
  .rodata            const     0x80a'483c         4       0xa0  lv_font_montserrat_14.o [8]
  .rodata            const     0x80a'48dc         4       0xa0  lv_font_montserrat_14.o [8]
  .rodata            const     0x80a'497c         4       0xa0  lv_font_montserrat_22.o [8]
  .rodata            const     0x80a'4a1c         4       0xa0  lv_font_montserrat_22.o [8]
  .rodata            const     0x80a'4abc         4       0xa0  lv_font_montserrat_32.o [8]
  .rodata            const     0x80a'4b5c         4       0xa0  lv_font_montserrat_32.o [8]
  .rodata            const     0x80a'4bfc         4       0xa0  lv_font_montserrat_40.o [8]
  .rodata            const     0x80a'4c9c         4       0xa0  lv_font_montserrat_40.o [8]
  .rodata            const     0x80a'4d3c         4       0x98  lv_color.o [12]
  .text              ro code   0x80a'4dd4         4       0x94  lv_win.o [7]
  .rodata            const     0x80a'4e68         4       0x7c  lv_font_montserrat_14.o [8]
  .rodata            const     0x80a'4ee4         4       0x7c  lv_font_montserrat_22.o [8]
  .rodata            const     0x80a'4f60         4       0x7c  lv_font_montserrat_32.o [8]
  .rodata            const     0x80a'4fdc         4       0x7c  lv_font_montserrat_40.o [8]
  .rodata            const     0x80a'5058         4       0x7c  touch.o [2]
  .rodata            const     0x80a'50d4         4       0x54  lv_keyboard.o [7]
  .text              ro code   0x80a'5128         4       0x54  lv_list.o [7]
  .rodata            const     0x80a'517c         4       0x50  lv_keyboard.o [7]
  .rodata            const     0x80a'51cc         4       0x50  lv_keyboard.o [7]
  .rodata            const     0x80a'521c         4       0x50  lv_keyboard.o [7]
  .text              ro code   0x80a'526c         4       0x3c  stm32f4xx_it.o [2]
  .text              ro code   0x80a'52a8         4       0x10  stm32f4xx_hal.o [4]
  .text              ro code   0x80a'52b8         4       0x38  lv_msgbox.o [7]
  .text              ro code   0x80a'52f0         2       0x38  zero_init3.o [17]
  .rodata            const     0x80a'5328         4       0x30  lv_roller.o [14]
  .text              ro code   0x80a'5358         4       0x2a  data_init.o [17]
  .rodata            const     0x80a'5382         2        0x2  lv_keyboard.o [7]
  .rodata            const     0x80a'5384         4       0x28  lv_color.o [12]
  .rodata            const     0x80a'53ac         4       0x28  lv_font_montserrat_14.o [8]
  .rodata            const     0x80a'53d4         4       0x28  lv_font_montserrat_22.o [8]
  .rodata            const     0x80a'53fc         4       0x28  lv_font_montserrat_32.o [8]
  .rodata            const     0x80a'5424         4       0x28  lv_font_montserrat_40.o [8]
  .rodata            const     0x80a'544c         4       0x28  lv_keyboard.o [7]
  .rodata            const     0x80a'5474         4       0x24  lv_draw_sw_line.o [6]
  .rodata            const     0x80a'5498         4       0x24  lv_keyboard.o [7]
  .rodata            const     0x80a'54bc         4       0x24  lv_refr.o [5]
  .rodata            const     0x80a'54e0         4       0x24  main.o [2]
  .text              ro code   0x80a'5504         4       0x22  fpinit_M.o [16]
  .iar.init_table    const     0x80a'5528         4       0x34  - Linker created -
  .rodata            const     0x80a'555c         2        0x2  lv_keyboard.o [7]
  .text              ro code   0x80a'5560         4       0x20  system_stm32f4xx.o [1]
  .text              ro code   0x80a'5580         4       0x1e  cmain.o [17]
  .text              ro code   0x80a'559e         2        0x4  low_level_init.o [15]
  .text              ro code   0x80a'55a2         2        0x4  exit.o [15]
  .rodata            const     0x80a'55a6         2        0x2  lv_keyboard.o [7]
  .text              ro code   0x80a'55a8         4        0xa  cexit.o [17]
  .rodata            const     0x80a'55b2         2        0x2  lv_keyboard.o [7]
  .rodata            const     0x80a'55b4         4       0x1c  lv_font_montserrat_14.o [8]
  .rodata            const     0x80a'55d0         4       0x1c  lv_font_montserrat_22.o [8]
  .rodata            const     0x80a'55ec         4       0x1c  lv_font_montserrat_32.o [8]
  .rodata            const     0x80a'5608         4       0x1c  lv_font_montserrat_40.o [8]
  .text              ro code   0x80a'5624         4       0x1c  cstartup_M.o [17]
  .rodata            const     0x80a'5640         4       0x18  lv_font_montserrat_14.o [8]
  .rodata            const     0x80a'5658         4       0x18  lv_font_montserrat_22.o [8]
  .rodata            const     0x80a'5670         4       0x18  lv_font_montserrat_32.o [8]
  .rodata            const     0x80a'5688         4       0x18  lv_font_montserrat_40.o [8]
  .rodata            const     0x80a'56a0         4       0x18  lv_theme_default.o [7]
  .rodata            const     0x80a'56b8         4       0x10  lv_font_montserrat_14.o [8]
  .rodata            const     0x80a'56c8         4       0x10  lv_font_montserrat_22.o [8]
  .rodata            const     0x80a'56d8         4       0x10  lv_font_montserrat_32.o [8]
  .rodata            const     0x80a'56e8         4       0x10  lv_font_montserrat_40.o [8]
  .text              ro code   0x80a'56f8         4       0x10  startup_stm32f429xx.o [3]
  .rodata            const     0x80a'5708         4        0xc  heu_logo.o [11]
  .rodata            const     0x80a'5714         4        0xc  lv_calendar_header_arrow.o [7]
  .rodata            const     0x80a'5720         4        0xc  lv_calendar_header_arrow.o [7]
  .rodata            const     0x80a'572c         4        0xc  lv_calendar_header_arrow.o [7]
  .rodata            const     0x80a'5738         4        0xc  lv_calendar_header_arrow.o [7]
  .rodata            const     0x80a'5744         4        0x8  lv_btnmatrix.o [14]
  .rodata            const     0x80a'574c         4        0x8  lv_btnmatrix.o [14]
  .rodata            const     0x80a'5754         4        0x8  lv_btnmatrix.o [14]
  .rodata            const     0x80a'575c         4        0x8  lv_btnmatrix.o [14]
  .rodata            const     0x80a'5764         4        0x8  lv_btnmatrix.o [14]
  .rodata            const     0x80a'576c         4        0x8  lv_calendar_header_arrow.o [7]
  .rodata            const     0x80a'5774         4        0x8  lv_calendar_header_arrow.o [7]
  .rodata            const     0x80a'577c         4        0x8  lv_calendar_header_arrow.o [7]
  .rodata            const     0x80a'5784         4        0x8  lv_calendar_header_arrow.o [7]
  .rodata            const     0x80a'578c         4        0x8  lv_calendar_header_arrow.o [7]
  .rodata            const     0x80a'5794         4        0x8  lv_calendar_header_arrow.o [7]
  .rodata            const     0x80a'579c         4        0x8  lv_calendar_header_arrow.o [7]
  .rodata            const     0x80a'57a4         4        0x8  system_stm32f4xx.o [1]
  .rodata            const     0x80a'57ac         4        0x4  lv_calendar.o [7]
  .rodata            const     0x80a'57b0         4        0x4  lv_calendar.o [7]
  .rodata            const     0x80a'57b4         4        0x4  lv_calendar.o [7]
  .rodata            const     0x80a'57b8         4        0x4  lv_calendar.o [7]
  .rodata            const     0x80a'57bc         4        0x4  lv_calendar.o [7]
  .rodata            const     0x80a'57c0         4        0x4  lv_calendar.o [7]
  .rodata            const     0x80a'57c4         4        0x4  lv_calendar.o [7]
  .rodata            const     0x80a'57c8         4        0x4  lv_calendar_header_arrow.o [7]
  .text              ro code   0x80a'57cc         2        0x4  startup_stm32f429xx.o [3]
  .text              ro code   0x80a'57d0         2        0x4  startup_stm32f429xx.o [3]
  .text              ro code   0x80a'57d4         2        0x4  startup_stm32f429xx.o [3]
  .text              ro code   0x80a'57d8         2        0x4  startup_stm32f429xx.o [3]
  .text              ro code   0x80a'57dc         2        0x4  startup_stm32f429xx.o [3]
  .text              ro code   0x80a'57e0         2        0x4  startup_stm32f429xx.o [3]
  .text              ro code   0x80a'57e4         2        0x4  startup_stm32f429xx.o [3]
  .text              ro code   0x80a'57e8         2        0x4  startup_stm32f429xx.o [3]
  .text              ro code   0x80a'57ec         2        0x4  startup_stm32f429xx.o [3]
  .text              ro code   0x80a'57f0         2        0x4  startup_stm32f429xx.o [3]
  .text              ro code   0x80a'57f4         2        0x4  startup_stm32f429xx.o [3]
  .text              ro code   0x80a'57f8         2        0x4  startup_stm32f429xx.o [3]
  .text              ro code   0x80a'57fc         2        0x4  startup_stm32f429xx.o [3]
  .text              ro code   0x80a'5800         2        0x4  startup_stm32f429xx.o [3]
  .text              ro code   0x80a'5804         2        0x4  startup_stm32f429xx.o [3]
  .text              ro code   0x80a'5808         2        0x4  startup_stm32f429xx.o [3]
  .text              ro code   0x80a'580c         2        0x4  startup_stm32f429xx.o [3]
  .text              ro code   0x80a'5810         2        0x4  startup_stm32f429xx.o [3]
  .text              ro code   0x80a'5814         2        0x4  startup_stm32f429xx.o [3]
  .text              ro code   0x80a'5818         2        0x4  startup_stm32f429xx.o [3]
  .text              ro code   0x80a'581c         2        0x4  startup_stm32f429xx.o [3]
  .text              ro code   0x80a'5820         2        0x4  startup_stm32f429xx.o [3]
  .text              ro code   0x80a'5824         2        0x4  startup_stm32f429xx.o [3]
  .text              ro code   0x80a'5828         2        0x4  startup_stm32f429xx.o [3]
  .text              ro code   0x80a'582c         2        0x4  startup_stm32f429xx.o [3]
  .text              ro code   0x80a'5830         2        0x4  startup_stm32f429xx.o [3]
  .text              ro code   0x80a'5834         2        0x4  startup_stm32f429xx.o [3]
  .text              ro code   0x80a'5838         2        0x4  startup_stm32f429xx.o [3]
  .text              ro code   0x80a'583c         2        0x4  startup_stm32f429xx.o [3]
  .text              ro code   0x80a'5840         2        0x4  startup_stm32f429xx.o [3]
  .text              ro code   0x80a'5844         2        0x4  startup_stm32f429xx.o [3]
  .text              ro code   0x80a'5848         2        0x4  startup_stm32f429xx.o [3]
  .text              ro code   0x80a'584c         2        0x4  startup_stm32f429xx.o [3]
  .text              ro code   0x80a'5850         2        0x4  startup_stm32f429xx.o [3]
  .text              ro code   0x80a'5854         2        0x4  startup_stm32f429xx.o [3]
  .text              ro code   0x80a'5858         2        0x4  startup_stm32f429xx.o [3]
  .text              ro code   0x80a'585c         2        0x4  startup_stm32f429xx.o [3]
  .text              ro code   0x80a'5860         2        0x4  startup_stm32f429xx.o [3]
  .text              ro code   0x80a'5864         2        0x4  startup_stm32f429xx.o [3]
  .text              ro code   0x80a'5868         2        0x4  startup_stm32f429xx.o [3]
  .text              ro code   0x80a'586c         2        0x4  startup_stm32f429xx.o [3]
  .text              ro code   0x80a'5870         2        0x4  startup_stm32f429xx.o [3]
  .text              ro code   0x80a'5874         2        0x4  startup_stm32f429xx.o [3]
  .text              ro code   0x80a'5878         2        0x4  startup_stm32f429xx.o [3]
  .text              ro code   0x80a'587c         2        0x4  startup_stm32f429xx.o [3]
  .text              ro code   0x80a'5880         2        0x4  startup_stm32f429xx.o [3]
  .text              ro code   0x80a'5884         2        0x4  startup_stm32f429xx.o [3]
  .text              ro code   0x80a'5888         2        0x4  startup_stm32f429xx.o [3]
  .text              ro code   0x80a'588c         2        0x4  startup_stm32f429xx.o [3]
  .text              ro code   0x80a'5890         2        0x4  startup_stm32f429xx.o [3]
  .text              ro code   0x80a'5894         2        0x4  startup_stm32f429xx.o [3]
  .text              ro code   0x80a'5898         2        0x4  startup_stm32f429xx.o [3]
  .text              ro code   0x80a'589c         2        0x4  startup_stm32f429xx.o [3]
  .text              ro code   0x80a'58a0         2        0x4  startup_stm32f429xx.o [3]
  .text              ro code   0x80a'58a4         2        0x4  startup_stm32f429xx.o [3]
  .text              ro code   0x80a'58a8         2        0x4  startup_stm32f429xx.o [3]
  .text              ro code   0x80a'58ac         2        0x4  startup_stm32f429xx.o [3]
  .text              ro code   0x80a'58b0         2        0x4  startup_stm32f429xx.o [3]
  .text              ro code   0x80a'58b4         2        0x4  startup_stm32f429xx.o [3]
  .text              ro code   0x80a'58b8         2        0x4  startup_stm32f429xx.o [3]
  .text              ro code   0x80a'58bc         2        0x4  startup_stm32f429xx.o [3]
  .text              ro code   0x80a'58c0         2        0x4  startup_stm32f429xx.o [3]
  .text              ro code   0x80a'58c4         2        0x4  startup_stm32f429xx.o [3]
  .text              ro code   0x80a'58c8         2        0x4  startup_stm32f429xx.o [3]
  .text              ro code   0x80a'58cc         2        0x4  startup_stm32f429xx.o [3]
  .text              ro code   0x80a'58d0         2        0x4  startup_stm32f429xx.o [3]
  .text              ro code   0x80a'58d4         2        0x4  startup_stm32f429xx.o [3]
  .text              ro code   0x80a'58d8         2        0x4  startup_stm32f429xx.o [3]
  .text              ro code   0x80a'58dc         2        0x4  startup_stm32f429xx.o [3]
  .text              ro code   0x80a'58e0         2        0x4  startup_stm32f429xx.o [3]
  .text              ro code   0x80a'58e4         2        0x4  startup_stm32f429xx.o [3]
  .text              ro code   0x80a'58e8         2        0x4  startup_stm32f429xx.o [3]
  .text              ro code   0x80a'58ec         2        0x4  startup_stm32f429xx.o [3]
  .text              ro code   0x80a'58f0         2        0x4  startup_stm32f429xx.o [3]
  .text              ro code   0x80a'58f4         2        0x4  startup_stm32f429xx.o [3]
  .text              ro code   0x80a'58f8         2        0x4  startup_stm32f429xx.o [3]
  .text              ro code   0x80a'58fc         2        0x4  startup_stm32f429xx.o [3]
  .text              ro code   0x80a'5900         2        0x4  startup_stm32f429xx.o [3]
  .text              ro code   0x80a'5904         2        0x4  startup_stm32f429xx.o [3]
  .text              ro code   0x80a'5908         2        0x4  startup_stm32f429xx.o [3]
  .text              ro code   0x80a'590c         2        0x4  startup_stm32f429xx.o [3]
  .text              ro code   0x80a'5910         2        0x4  startup_stm32f429xx.o [3]
  .text              ro code   0x80a'5914         2        0x4  startup_stm32f429xx.o [3]
  .text              ro code   0x80a'5918         2        0x4  startup_stm32f429xx.o [3]
  .text              ro code   0x80a'591c         2        0x4  startup_stm32f429xx.o [3]
  .rodata            const     0x80a'5920         2        0x2  lv_keyboard.o [7]
  .rodata            const     0x80a'5922         2        0x2  lv_keyboard.o [7]
  .rodata            const     0x80a'5924         2        0x2  lv_keyboard.o [7]
  .rodata            const     0x80a'5926         2        0x2  lv_keyboard.o [7]
  .rodata            const     0x80a'5928         2        0x2  lv_keyboard.o [7]
  .rodata            const     0x80a'592a         2        0x2  lv_keyboard.o [7]
  .rodata            const     0x80a'592c         2        0x2  lv_keyboard.o [7]
  .rodata            const     0x80a'592e         2        0x2  lv_keyboard.o [7]
  .rodata            const     0x80a'5930         2        0x2  lv_keyboard.o [7]
  .rodata            const     0x80a'5932         2        0x2  lv_keyboard.o [7]
  .rodata            const     0x80a'5934         2        0x2  lv_keyboard.o [7]
  .rodata            const     0x80a'5936         2        0x2  lv_keyboard.o [7]
  .rodata            const     0x80a'5938         2        0x2  lv_keyboard.o [7]
  .rodata            const     0x80a'593a         2        0x2  lv_keyboard.o [7]
  .rodata            const     0x80a'593c         2        0x2  lv_keyboard.o [7]
  .rodata            const     0x80a'593e         2        0x2  lv_keyboard.o [7]
  .rodata            const     0x80a'5940         2        0x2  lv_keyboard.o [7]
  .rodata            const     0x80a'5942         2        0x2  lv_keyboard.o [7]
  .rodata            const     0x80a'5944         2        0x2  lv_keyboard.o [7]
  .rodata            const     0x80a'5946         2        0x2  lv_keyboard.o [7]
  .rodata            const     0x80a'5948         2        0x2  lv_keyboard.o [7]
  .rodata            const     0x80a'594a         2        0x2  lv_keyboard.o [7]
  .rodata            const     0x80a'594c         2        0x2  lv_keyboard.o [7]
  .rodata            const     0x80a'594e         2        0x2  lv_keyboard.o [7]
  .rodata            const     0x80a'5950         2        0x2  lv_keyboard.o [7]
  .rodata            const     0x80a'5952         2        0x2  lv_keyboard.o [7]
  .rodata            const     0x80a'5954         2        0x2  lv_keyboard.o [7]
  .rodata            const     0x80a'5956         2        0x2  lv_keyboard.o [7]
  .rodata            const     0x80a'5958         2        0x2  lv_keyboard.o [7]
  .rodata            const     0x80a'595a         2        0x2  lv_keyboard.o [7]
  .rodata            const     0x80a'595c         2        0x2  lv_keyboard.o [7]
  .rodata            const     0x80a'595e         2        0x2  lv_keyboard.o [7]
  .rodata            const     0x80a'5960         2        0x2  lv_keyboard.o [7]
  .rodata            const     0x80a'5962         2        0x2  lv_keyboard.o [7]
  .rodata            const     0x80a'5964         2        0x2  lv_keyboard.o [7]
  .rodata            const     0x80a'5966         2        0x2  lv_keyboard.o [7]
  .rodata            const     0x80a'5968         2        0x2  lv_keyboard.o [7]
  .rodata            const     0x80a'596a         2        0x2  lv_keyboard.o [7]
  .rodata            const     0x80a'596c         2        0x2  lv_keyboard.o [7]
  .rodata            const     0x80a'596e         2        0x2  lv_keyboard.o [7]
  .rodata            const     0x80a'5970         2        0x2  lv_keyboard.o [7]
  .rodata            const     0x80a'5972         2        0x2  lv_keyboard.o [7]
  .rodata            const     0x80a'5974         2        0x2  lv_keyboard.o [7]
  .rodata            const     0x80a'5976         2        0x2  lv_keyboard.o [7]
  .rodata            const     0x80a'5978         2        0x2  lv_keyboard.o [7]
  .rodata            const     0x80a'597a         2        0x2  lv_keyboard.o [7]
  .rodata            const     0x80a'597c         2        0x2  lv_keyboard.o [7]
  .rodata            const     0x80a'597e         2        0x2  lv_keyboard.o [7]
  .rodata            const     0x80a'5980         2        0x2  xlocale_c.o [15]
  .rodata            const     0x80a'5982                  0x1  lv_btnmatrix.o [14]
  .rodata            const     0x80a'5983                  0x1  lv_keyboard.o [7]
  .rodata            const     0x80a'5984                  0x1  xlocale_c.o [15]
  .rodata            const     0x80a'5985                  0x0  zero_init3.o [17]
  .rodata            const     0x80a'5985                  0x0  lz77_init.o [17]
  Initializer bytes  const     0x80a'5985                0x2dc  <for P4 s0>
                             - 0x80a'5c61             0xa'5ab5

"P4", part 1 of 3:                                      0xb5d3
  P4 s0                       0x2000'0000               0xb5d3  <Init block>
    .data            inited   0x2000'0000         4     0xb408  lv_mem.o [12]
    .data            inited   0x2000'b408         4       0x64  lcd.o [2]
    .data            inited   0x2000'b46c         4       0x48  lv_keyboard.o [7]
    .data            inited   0x2000'b4b4         4       0x48  touch.o [2]
    .data            inited   0x2000'b4fc         4       0x38  xlocale_c.o [15]
    .data            inited   0x2000'b534         4       0x30  lv_calendar_header_arrow.o [7]
    .data            inited   0x2000'b564         4       0x1c  lv_btnmatrix.o [14]
    .data            inited   0x2000'b580         4       0x1c  lv_calendar.o [7]
    .data            inited   0x2000'b59c         4        0xc  stm32f4xx_hal.o [4]
    .data            inited   0x2000'b5a8         4        0x8  lv_txt.o [12]
    .data            inited   0x2000'b5b0         2        0x6  lv_colorwheel.o [7]
    .data            inited   0x2000'b5b6                  0x2  gt9xxx.o [2]
    .data            inited   0x2000'b5b8         4        0x4  lv_txt.o [12]
    .data            inited   0x2000'b5bc         4        0x4  lv_txt.o [12]
    .data            inited   0x2000'b5c0         4        0x4  lv_txt.o [12]
    .data            inited   0x2000'b5c4         4        0x4  lv_txt.o [12]
    .data            inited   0x2000'b5c8         4        0x4  lv_txt.o [12]
    .data            inited   0x2000'b5cc         4        0x4  system_stm32f4xx.o [1]
    .data            inited   0x2000'b5d0         2        0x2  lv_style.o [12]
    .data            inited   0x2000'b5d2                  0x1  lv_obj_style.o [5]
                            - 0x2000'b5d3               0xb5d3

"P4", part 2 of 3:                                      0xcf84
  .bss               zero     0x2000'b5d4         4     0xc86c  lv_port_disp_template.o [13]
  .bss               zero     0x2001'7e40         4      0x210  lv_gc.o [12]
  .bss               zero     0x2001'8050         4      0x108  lv_draw_sw_letter.o [6]
  .bss               zero     0x2001'8158         4       0xd0  ltdc.o [2]
  .bss               zero     0x2001'8228         4       0x60  adc.o [2]
  .bss               zero     0x2001'8288         4       0x5c  adc.o [2]
  .bss               zero     0x2001'82e4         4       0x48  tim.o [2]
  .bss               zero     0x2001'832c         4       0x48  usart.o [2]
  .bss               zero     0x2001'8374         4       0x44  lv_theme_default.o [7]
  .bss               zero     0x2001'83b8         4       0x34  sdram.o [2]
  .bss               zero     0x2001'83ec         4       0x2c  lv_theme_default.o [7]
  .bss               zero     0x2001'8418         4       0x2c  main.o [2]
  .bss               zero     0x2001'8444         4       0x28  lv_refr.o [5]
  .bss               zero     0x2001'846c         4       0x24  lv_port_indev_template.o [13]
  .bss               zero     0x2001'8490         4       0x18  lv_grid.o [7]
  .bss               zero     0x2001'84a8         4       0x14  lv_timer.o [12]
  .bss               zero     0x2001'84bc         4       0x10  lv_flex.o [7]
  .bss               zero     0x2001'84cc         4        0xc  lv_anim.o [12]
  .bss               zero     0x2001'84d8         4        0xc  lv_draw_sw_gradient.o [6]
  .bss               zero     0x2001'84e4         4        0xc  lv_tileview.o [7]
  .bss               zero     0x2001'84f0         4        0x8  lv_font_montserrat_14.o [8]
  .bss               zero     0x2001'84f8         4        0x8  lv_font_montserrat_22.o [8]
  .bss               zero     0x2001'8500         4        0x8  lv_font_montserrat_32.o [8]
  .bss               zero     0x2001'8508         4        0x8  lv_font_montserrat_40.o [8]
  .bss               zero     0x2001'8510         4        0x8  lv_hal_tick.o [10]
  .bss               zero     0x2001'8518         4        0x8  lv_indev.o [5]
  .bss               zero     0x2001'8520         4        0x8  lv_spinner.o [7]
  .bss               zero     0x2001'8528         4        0x4  delay.o [2]
  .bss               zero     0x2001'852c         4        0x4  lv_event.o [5]
  .bss               zero     0x2001'8530         4        0x4  lv_group.o [5]
  .bss               zero     0x2001'8534         4        0x4  lv_hal_disp.o [10]
  .bss               zero     0x2001'8538         4        0x4  lv_obj.o [5]
  .bss               zero     0x2001'853c         4        0x4  lv_obj_pos.o [5]
  .bss               zero     0x2001'8540         2        0x4  lv_port_indev_template.o [13]
  .bss               zero     0x2001'8544         2        0x4  lv_tabview.o [7]
  .bss               zero     0x2001'8548         4        0x4  lv_textarea.o [14]
  .bss               zero     0x2001'854c         4        0x4  xfail_s.o [15]
  .bss               zero     0x2001'8550         2        0x2  lv_win.o [7]
  .bss               zero     0x2001'8552                  0x1  ft5206.o [2]
  .bss               zero     0x2001'8553                  0x1  lv_colorwheel.o [7]
  .bss               zero     0x2001'8554                  0x1  lv_obj.o [5]
  .bss               zero     0x2001'8555                  0x1  lv_obj_pos.o [5]
                            - 0x2001'8556               0xcf82

"P4", part 3 of 3:                                      0x2000
  CSTACK                      0x2001'8558         8     0x2000  <Block>
    CSTACK           uninit   0x2001'8558               0x2000  <Block tail>
                            - 0x2001'a558               0x2000

Absolute sections:                                   0x1f'4000
  .bss               zero     0xc000'0000            0x1f'4000  ltdc.o [2]
                            - 0xc01f'4000            0x1f'4000

Unused ranges:

         From           To      Size
         ----           --      ----
   0x80a'5c61   0x80f'ffff  0x5'a39f
  0x2000'b5d3  0x2000'b5d3       0x1
  0x2001'a558  0x2001'bfff    0x1aa8
  0x2001'c000  0x2001'ffff    0x4000
  0x2002'0000  0x2002'ffff  0x1'0000


*******************************************************************************
*** INIT TABLE
***

          Address      Size
          -------      ----
Zero (__iar_zero_init3)
    2 destination ranges, total size 0x20'0f82:
          0x2000'b5d4     0xcf82
          0xc000'0000  0x1f'4000

Copy/lz77 (__iar_lz77_init3)
    1 source range, total size 0x2dc (1% of destination):
           0x80a'5985      0x2dc
    1 destination range, total size 0xb5d3:
          0x2000'0000     0xb5d3



*******************************************************************************
*** MODULE SUMMARY
***

    Module                         ro code  ro data  rw data    rw data
                                                                 (abs)
    ------                         -------  -------  -------    -------
command line/config:
    -------------------------------------------------------------------
    Total:

C:\Users\heuch\Desktop\ARM\STM32\Study\temp_measure_LVGL\EWARM\LTDC\Obj\CMSIS_6603591812247902717.dir: [1]
    system_stm32f4xx.o                  32        8        4
    -------------------------------------------------------------------
    Total:                              32        8        4

C:\Users\heuch\Desktop\ARM\STM32\Study\temp_measure_LVGL\EWARM\LTDC\Obj\Core_13247989168731456611.dir: [2]
    24cxx.o                            294
    adc.o                              664               188
    ctiic.o                            972
    delay.o                            168                 4
    dma.o                               56
    ft5206.o                           860                 1
    gpio.o                              80
    gt9xxx.o                         1'156                 2
    key.o                              164
    lcd.o                           20'814   12'162      100
    led.o                               84
    ltdc.o                           1'656               208  2'048'000
    main.o                           1'200       36       44
    myiic.o                            904
    sdram.o                            492                52
    stm32f4xx_hal_msp.o                 56
    stm32f4xx_it.o                      60
    tim.o                              160                72
    touch.o                          3'828      125       72
    usart.o                            220                72
    -------------------------------------------------------------------
    Total:                          33'888   12'323      815  2'048'000

C:\Users\heuch\Desktop\ARM\STM32\Study\temp_measure_LVGL\EWARM\LTDC\Obj\EWARM_18443280873093131863.dir: [3]
    startup_stm32f429xx.o              784
    -------------------------------------------------------------------
    Total:                             784

C:\Users\heuch\Desktop\ARM\STM32\Study\temp_measure_LVGL\EWARM\LTDC\Obj\STM32F4xx_HAL_Driver_1244631019742807970.dir: [4]
    stm32f4xx_hal.o                    156                12
    stm32f4xx_hal_adc.o              1'594
    stm32f4xx_hal_adc_ex.o               2
    stm32f4xx_hal_cortex.o             180
    stm32f4xx_hal_dma.o              1'080
    stm32f4xx_hal_gpio.o               548
    stm32f4xx_hal_ltdc.o               772
    stm32f4xx_hal_pwr_ex.o             120
    stm32f4xx_hal_rcc.o              1'324
    stm32f4xx_hal_rcc_ex.o             592
    stm32f4xx_hal_sdram.o              180
    stm32f4xx_hal_sram.o                90
    stm32f4xx_hal_tim.o                784
    stm32f4xx_hal_tim_ex.o             152
    stm32f4xx_hal_uart.o             1'364
    stm32f4xx_ll_fmc.o                 634
    -------------------------------------------------------------------
    Total:                           9'572                12

C:\Users\heuch\Desktop\ARM\STM32\Study\temp_measure_LVGL\EWARM\LTDC\Obj\core_12370908267808153421.dir: [5]
    lv_disp.o                          906
    lv_event.o                         876                 4
    lv_group.o                       1'026                 4
    lv_indev.o                       3'596                 8
    lv_indev_scroll.o                3'170
    lv_obj.o                         3'550                 5
    lv_obj_class.o                     570
    lv_obj_draw.o                    1'838
    lv_obj_pos.o                     5'772                 5
    lv_obj_scroll.o                  5'076
    lv_obj_style.o                   4'872                 1
    lv_obj_style_gen.o                 264
    lv_obj_tree.o                    1'362
    lv_refr.o                        3'884       36       40
    lv_theme.o                         132
    -------------------------------------------------------------------
    Total:                          36'894       36       67

C:\Users\heuch\Desktop\ARM\STM32\Study\temp_measure_LVGL\EWARM\LTDC\Obj\draw_10542837691197429852.dir: [6]
    lv_draw.o                            2
    lv_draw_arc.o                    1'022
    lv_draw_img.o                      792
    lv_draw_label.o                  1'916
    lv_draw_line.o                      44
    lv_draw_mask.o                   4'924
    lv_draw_rect.o                     122
    lv_draw_sw.o                        86
    lv_draw_sw_arc.o                 2'726
    lv_draw_sw_blend.o               4'160
    lv_draw_sw_gradient.o            1'144                12
    lv_draw_sw_img.o                 1'434
    lv_draw_sw_letter.o              1'064      256      264
    lv_draw_sw_line.o                1'968       36
    lv_draw_sw_polygon.o               804
[...]
lv_style_set_outline_opa
                         0x806'fe73        0xa  Code  Gb  lv_style_gen.o [12]
lv_style_set_outline_pad
                         0x806'fe7d        0xa  Code  Gb  lv_style_gen.o [12]
lv_style_set_outline_width
                         0x806'fe51        0xa  Code  Gb  lv_style_gen.o [12]
lv_style_set_pad_all     0x806'b541       0x2a  Code  Lc  lv_theme_default.o [7]
lv_style_set_pad_bottom
                         0x806'fda3        0xa  Code  Gb  lv_style_gen.o [12]
lv_style_set_pad_column
                         0x806'fdcb        0xa  Code  Gb  lv_style_gen.o [12]
lv_style_set_pad_left    0x806'fdad        0xa  Code  Gb  lv_style_gen.o [12]
lv_style_set_pad_right   0x806'fdb7        0xa  Code  Gb  lv_style_gen.o [12]
lv_style_set_pad_row     0x806'fdc1        0xa  Code  Gb  lv_style_gen.o [12]
lv_style_set_pad_top     0x806'fd99        0xa  Code  Gb  lv_style_gen.o [12]
lv_style_set_prop        0x807'0f39       0xe6  Code  Gb  lv_style.o [12]
lv_style_set_radius      0x806'ff4b        0x8  Code  Gb  lv_style_gen.o [12]
lv_style_set_shadow_color
                         0x806'fea5       0x18  Code  Gb  lv_style_gen.o [12]
lv_style_set_shadow_ofs_y
                         0x806'fe91        0xa  Code  Gb  lv_style_gen.o [12]
lv_style_set_shadow_opa
                         0x806'febd        0xa  Code  Gb  lv_style_gen.o [12]
lv_style_set_shadow_spread
                         0x806'fe9b        0xa  Code  Gb  lv_style_gen.o [12]
lv_style_set_shadow_width
                         0x806'fe87        0xa  Code  Gb  lv_style_gen.o [12]
lv_style_set_text_align
                         0x806'ff41        0xa  Code  Gb  lv_style_gen.o [12]
lv_style_set_text_color
                         0x806'ff13       0x1a  Code  Gb  lv_style_gen.o [12]
lv_style_set_text_font   0x806'ff2d        0xa  Code  Gb  lv_style_gen.o [12]
lv_style_set_text_line_space
                         0x806'ff37        0xa  Code  Gb  lv_style_gen.o [12]
lv_style_set_transform_height
                         0x806'fd8f        0xa  Code  Gb  lv_style_gen.o [12]
lv_style_set_transform_width
                         0x806'fd85        0xa  Code  Gb  lv_style_gen.o [12]
lv_style_set_transition
                         0x806'ff73        0x8  Code  Gb  lv_style_gen.o [12]
lv_style_set_width       0x806'fd5d        0xa  Code  Gb  lv_style_gen.o [12]
lv_style_transition_dsc_init
                         0x807'10d7       0x2a  Code  Gb  lv_style.o [12]
lv_switch_anim_exec_cb   0x80a'2f29        0x6  Code  Lc  lv_switch.o [14]
lv_switch_anim_ready     0x80a'2f31        0xc  Code  Lc  lv_switch.o [14]
lv_switch_class          0x80a'2f3c       0x1c  Data  Gb  lv_switch.o [14]
lv_switch_constructor    0x80a'2c19       0x28  Code  Lc  lv_switch.o [14]
lv_switch_destructor     0x80a'2c41        0x8  Code  Lc  lv_switch.o [14]
lv_switch_event          0x80a'2c49      0x2e0  Code  Lc  lv_switch.o [14]
lv_table_class           0x809'9664       0x1c  Data  Gb  lv_table.o [14]
lv_table_constructor     0x809'8df1       0x40  Code  Lc  lv_table.o [14]
lv_table_destructor      0x809'8e31       0x56  Code  Lc  lv_table.o [14]
lv_table_event           0x809'8e89      0x7da  Code  Lc  lv_table.o [14]
lv_tabview_class         0x80a'3564       0x1c  Data  Gb  lv_tabview.o [7]
lv_tabview_constructor   0x80a'32f1      0x116  Code  Lc  lv_tabview.o [7]
lv_tabview_destructor    0x80a'3411       0x68  Code  Lc  lv_tabview.o [7]
lv_tabview_event         0x80a'3479       0x34  Code  Lc  lv_tabview.o [7]
lv_tabview_set_act       0x80a'327d       0x74  Code  Gb  lv_tabview.o [7]
lv_textarea_add_char     0x808'e963      0x15c  Code  Gb  lv_textarea.o [14]
lv_textarea_add_text     0x808'eabf      0x13a  Code  Gb  lv_textarea.o [14]
lv_textarea_class        0x808'f9a4       0x1c  Data  Gb  lv_textarea.o [14]
lv_textarea_clear_selection
                         0x808'ef7f       0x38  Code  Gb  lv_textarea.o [14]
lv_textarea_constructor
                         0x808'f091       0x8e  Code  Lc  lv_textarea.o [14]
lv_textarea_cursor_down
                         0x808'efcb       0x6a  Code  Gb  lv_textarea.o [14]
lv_textarea_cursor_left
                         0x808'efbd        0xe  Code  Gb  lv_textarea.o [14]
lv_textarea_cursor_right
                         0x808'efb7        0x6  Code  Gb  lv_textarea.o [14]
lv_textarea_cursor_up    0x808'f035       0x5c  Code  Gb  lv_textarea.o [14]
lv_textarea_del_char     0x808'ebfd       0xbc  Code  Gb  lv_textarea.o [14]
lv_textarea_del_char_forward
                         0x808'ecbb       0x22  Code  Gb  lv_textarea.o [14]
lv_textarea_destructor   0x808'f131       0x1e  Code  Lc  lv_textarea.o [14]
lv_textarea_event        0x808'f14f      0x468  Code  Lc  lv_textarea.o [14]
lv_textarea_get_cursor_pos
                         0x808'ef6f        0x4  Code  Gb  lv_textarea.o [14]
lv_textarea_get_one_line
                         0x808'ef73        0xc  Code  Gb  lv_textarea.o [14]
lv_textarea_get_text     0x808'ef59       0x16  Code  Gb  lv_textarea.o [14]
lv_textarea_set_cursor_click_pos
                         0x808'eec5       0x18  Code  Gb  lv_textarea.o [14]
lv_textarea_set_cursor_pos
                         0x808'eddb       0xea  Code  Gb  lv_textarea.o [14]
lv_textarea_set_one_line
                         0x808'eedd       0x78  Code  Gb  lv_textarea.o [14]
lv_textarea_set_text     0x808'ecdd       0xfe  Code  Gb  lv_textarea.o [14]
lv_theme_apply           0x807'e001       0x34  Code  Gb  lv_theme.o [5]
lv_theme_default_get     0x806'ec29        0xa  Code  Gb  lv_theme_default.o [7]
lv_theme_default_init    0x806'b609     0x3620  Code  Gb  lv_theme_default.o [7]
lv_theme_default_is_inited
                         0x806'ec33        0xa  Code  Gb  lv_theme_default.o [7]
lv_theme_get_color_primary
                         0x807'e039       0x28  Code  Gb  lv_theme.o [5]
lv_tick_elaps            0x807'ce8d       0x1a  Code  Gb  lv_hal_tick.o [10]
lv_tick_get              0x807'ce7b       0x10  Code  Gb  lv_hal_tick.o [10]
lv_tick_inc              0x807'ce6d        0xe  Code  Gb  lv_hal_tick.o [10]
lv_tileview_class        0x80a'4178       0x1c  Data  Gb  lv_tileview.o [7]
lv_tileview_constructor
                         0x80a'4025       0x3a  Code  Lc  lv_tileview.o [7]
lv_tileview_tile_class   0x80a'4194       0x1c  Data  Gb  lv_tileview.o [7]
lv_tileview_tile_constructor
                         0x80a'405f       0x64  Code  Lc  lv_tileview.o [7]
lv_timer_create          0x807'3e65       0x3c  Code  Gb  lv_timer.o [12]
lv_timer_get_idle        0x807'3ec7        0x6  Code  Gb  lv_timer.o [12]
lv_timer_handler         0x807'3d1d      0x148  Code  Gb  lv_timer.o [12]
lv_timer_handler::already_running
                        0x2001'84ac        0x1  Data  Lc  lv_timer.o [12]
lv_timer_handler::busy_time
                        0x2001'84b4        0x4  Data  Lc  lv_timer.o [12]
lv_timer_handler::idle_period_start
                        0x2001'84b0        0x4  Data  Lc  lv_timer.o [12]
lv_timer_handler{3}{4}::run_cnt
                        0x2001'84b8        0x4  Data  Lc  lv_timer.o [12]
lv_timer_pause           0x807'3ea1        0xa  Code  Gb  lv_timer.o [12]
lv_timer_ready           0x807'3eb5       0x12  Code  Gb  lv_timer.o [12]
lv_timer_resume          0x807'3eab        0xa  Code  Gb  lv_timer.o [12]
lv_timer_run            0x2001'84a8        0x1  Data  Lc  lv_timer.o [12]
lv_tlsf_add_pool         0x807'7249       0x48  Code  Gb  lv_tlsf.o [12]
lv_tlsf_create           0x807'7291       0x40  Code  Gb  lv_tlsf.o [12]
lv_tlsf_create_with_pool
                         0x807'72d1       0x1e  Code  Gb  lv_tlsf.o [12]
lv_tlsf_free             0x807'7327       0x6c  Code  Gb  lv_tlsf.o [12]
lv_tlsf_get_pool         0x807'72ef        0x6  Code  Gb  lv_tlsf.o [12]
lv_tlsf_malloc           0x807'72f5       0x32  Code  Gb  lv_tlsf.o [12]
lv_tlsf_realloc          0x807'7393       0xf8  Code  Gb  lv_tlsf.o [12]
lv_tlsf_walk_pool        0x807'71f5       0x50  Code  Gb  lv_tlsf.o [12]
lv_trigo_sin             0x807'cee9       0x5c  Code  Gb  lv_math.o [12]
lv_txt_get_size          0x808'32dd       0xdc  Code  Gb  lv_txt.o [12]
lv_txt_get_width         0x808'3655       0xaa  Code  Gb  lv_txt.o [12]
lv_txt_unicode_to_utf8   0x808'389d       0xa2  Code  Lc  lv_txt.o [12]
lv_txt_utf8_get_byte_id
                         0x808'3a37       0x28  Code  Lc  lv_txt.o [12]
lv_txt_utf8_get_char_id
                         0x808'3a5f       0x28  Code  Lc  lv_txt.o [12]
lv_txt_utf8_get_length   0x808'3a87       0x28  Code  Lc  lv_txt.o [12]
lv_txt_utf8_next         0x808'393f       0xba  Code  Lc  lv_txt.o [12]
lv_txt_utf8_prev         0x808'39f9       0x3e  Code  Lc  lv_txt.o [12]
lv_txt_utf8_size         0x808'386b       0x32  Code  Lc  lv_txt.o [12]
lv_win_class             0x80a'4e4c       0x1c  Data  Gb  lv_win.o [7]
lv_win_constructor       0x80a'4dd5       0x72  Code  Lc  lv_win.o [7]
main                     0x809'de95       0x70  Code  Gb  main.o [2]
make_one_button_checked
                         0x809'09bd       0x58  Code  Lc  lv_btnmatrix.o [14]
mem_monitor             0x2001'845c        0x8  Data  Lc  lv_refr.o [5]
memchr                   0x808'4ab5             Code  Gb  memchr.o [17]
month_event_cb           0x80a'3f51       0x6c  Code  Lc  lv_calendar_header_arrow.o [7]
month_event_cb           0x80a'423d       0x34  Code  Lc  lv_calendar_header_dropdown.o [7]
month_names_def         0x2000'b534       0x30  Data  Lc  lv_calendar_header_arrow.o [7]
my_constructor           0x80a'3e79       0xd6  Code  Lc  lv_calendar_header_arrow.o [7]
my_constructor           0x80a'41b1       0x88  Code  Lc  lv_calendar_header_dropdown.o [7]
next_in_cache            0x808'c7d5       0x28  Code  Lc  lv_draw_sw_gradient.o [6]
obj_del_core             0x807'2bf9      0x1da  Code  Lc  lv_obj_tree.o [5]
opa_scale_anim           0x807'1515        0x8  Code  Lc  lv_disp.o [5]
perf_monitor            0x2001'8444       0x18  Data  Lc  lv_refr.o [5]
position_to_selected     0x809'4401       0x60  Code  Lc  lv_dropdown.o [14]
pwd_char_hider           0x808'f67d       0x96  Code  Lc  lv_textarea.o [14]
pwd_char_hider_anim      0x808'f675        0x2  Code  Lc  lv_textarea.o [14]
pwd_char_hider_anim_ready
                         0x808'f679        0x4  Code  Lc  lv_textarea.o [14]
px_num                  0x2001'8464        0x4  Data  Lc  lv_refr.o [5]
read_values              0x809'd661       0xf0  Code  Gb  adc.o [2]
read_values::result     0x2001'82d0        0xc  Data  Lc  adc.o [2]
refr_cursor_area         0x808'f775      0x20e  Code  Lc  lv_textarea.o [14]
refr_knob_pos            0x809'8c81       0xbe  Code  Lc  lv_colorwheel.o [7]
refr_position            0x809'34f9      0x110  Code  Lc  lv_roller.o [14]
refr_size                0x809'9681      0x128  Code  Lc  lv_table.o [14]
refresh_children_style   0x807'2453       0x3c  Code  Lc  lv_obj_style.o [5]
remove_free_block        0x807'6ee1       0x4a  Code  Lc  lv_tlsf.o [12]
report_style_change_core
                         0x807'23cd       0x86  Code  Lc  lv_obj_style.o [5]
sampling_time           0x2001'8424        0x4  Data  Gb  main.o [2]
scalbln                  0x808'4be5             Code  Gb  ldexp.o [16]
scalblnl                 0x808'4be5             Code  Gb  ldexp.o [16]
scalbn                   0x808'4be5             Code  Gb  ldexp.o [16]
scalbnl                  0x808'4be5             Code  Gb  ldexp.o [16]
scale                    0x808'498f       0x46  Code  Lc  xprintffull_nomb.o [15]
scr_anim_ready           0x807'152d       0x4a  Code  Lc  lv_disp.o [5]
scr_load_anim_start      0x807'14e5       0x30  Code  Lc  lv_disp.o [5]
screen1                 0x2001'8428        0x4  Data  Gb  main.o [2]
screen2                 0x2001'842c        0x4  Data  Gb  main.o [2]
scroll_anim_ready_cb     0x807'4fd1        0xa  Code  Lc  lv_obj_scroll.o [5]
scroll_anim_ready_cb     0x809'3705       0x12  Code  Lc  lv_roller.o [14]
scroll_area_into_view    0x807'4fdb      0x2c6  Code  Lc  lv_obj_scroll.o [5]
scroll_by_raw            0x807'4ee1       0x48  Code  Lc  lv_obj_scroll.o [5]
scroll_limit_diff        0x807'de25       0x62  Code  Lc  lv_indev_scroll.o [5]
scroll_x_anim            0x807'4f29       0x54  Code  Lc  lv_obj_scroll.o [5]
scroll_y_anim            0x807'4f7d       0x54  Code  Lc  lv_obj_scroll.o [5]
sdram_init               0x809'e4f5       0x68  Code  Gb  sdram.o [2]
sdram_initialization_sequence
                         0x809'e55d       0x82  Code  Gb  sdram.o [2]
sec_hand                0x2001'854c        0x4  Data  Lc  xfail_s.o [15]
set_ofs_x_anim           0x808'07b5        0x8  Code  Lc  lv_label.o [14]
set_ofs_y_anim           0x808'07bd        0x8  Code  Lc  lv_label.o [14]
set_x_anim               0x807'151d        0x6  Code  Lc  lv_disp.o [5]
set_y_anim               0x807'1525        0x6  Code  Lc  lv_disp.o [5]
set_y_anim               0x809'3719        0x6  Code  Lc  lv_roller.o [14]
shadow_blur_corner       0x808'bf15      0x29e  Code  Lc  lv_draw_sw_rect.o [6]
show_error               0x807'd357       0x3c  Code  Lc  lv_draw_img.o [6]
sin0_90_table            0x80a'44cc       0xb8  Data  Lc  lv_math.o [12]
snprintf                 0x808'e909       0x44  Code  Gb  snprintf.o [15]
sprintf                  0x809'1a31       0x40  Code  Gb  sprintf.o [15]
start_cursor_blink       0x808'f713       0x62  Code  Lc  lv_textarea.o [14]
strchr                   0x808'4a5d             Code  Gb  strchr.o [17]
strlen                   0x807'e12d             Code  Gb  strlen.o [17]
style_init::dark_filter
                        0x2001'8380        0x8  Data  Lc  lv_theme_default.o [7]
style_init::grey_filter
                        0x2001'8388        0x8  Data  Lc  lv_theme_default.o [7]
style_init::trans_delayed
                        0x2001'8390       0x14  Data  Lc  lv_theme_default.o [7]
style_init::trans_normal
                        0x2001'83a4       0x14  Data  Lc  lv_theme_default.o [7]
style_init::trans_props
                         0x80a'56a0       0x18  Data  Lc  lv_theme_default.o [7]
style_refr              0x2000'b5d2        0x1  Data  Lc  lv_obj_style.o [5]
styles                  0x2001'8414        0x4  Data  Lc  lv_theme_default.o [7]
sys_time                0x2001'8514        0x4  Data  Lc  lv_hal_tick.o [10]
ta_insert_replace       0x2001'8548        0x4  Data  Lc  lv_textarea.o [14]
tabpos_create           0x2001'8544        0x1  Data  Lc  lv_tabview.o [7]
tabsize_create          0x2001'8546        0x2  Data  Lc  lv_tabview.o [7]
temp                    0x2001'843c        0x4  Data  Gb  main.o [2]
temp_label              0x2001'841c        0x4  Data  Gb  main.o [2]
temp_timer              0x2001'8420        0x4  Data  Gb  main.o [2]
temp_timer_update_callback
                         0x809'dbed       0x7a  Code  Gb  main.o [2]
theme                   0x2001'83ec       0x24  Data  Lc  lv_theme_default.o [7]
theme_apply              0x806'ec49     0x1060  Code  Lc  lv_theme_default.o [7]
tick_irq_flag           0x2001'8510        0x1  Data  Lc  lv_hal_tick.o [10]
tileview_event_cb        0x80a'40c9       0xb0  Code  Lc  lv_tileview.o [7]
time_param              0x2001'8520        0x4  Data  Lc  lv_spinner.o [7]
timer_created           0x2001'84ab        0x1  Data  Lc  lv_timer.o [12]
timer_deleted           0x2001'84aa        0x1  Data  Lc  lv_timer.o [12]
title                   0x2001'8418        0x4  Data  Gb  main.o [2]
tlsf                    0x2000'0000        0x4  Data  Lc  lv_mem.o [12]
tlsf_ffs                 0x807'6939      0x2c4  Code  Lc  lv_tlsf.o [12]
tlsf_fls                 0x807'6bfd      0x2be  Code  Lc  lv_tlsf.o [12]
touchpad_read            0x809'e3bd       0x32  Code  Lc  lv_port_indev_template.o [13]
touchpad_read::last_x   0x2001'8540        0x2  Data  Lc  lv_port_indev_template.o [13]
touchpad_read::last_y   0x2001'8542        0x2  Data  Lc  lv_port_indev_template.o [13]
tp_adjust                0x809'0f01      0x7b6  Code  Gb  touch.o [2]
tp_dev                  0x2000'b4b4       0x48  Data  Gb  touch.o [2]
tp_draw_touch_point      0x809'0d5f       0x80  Code  Lc  touch.o [2]
tp_get_adjust_data       0x809'0edd       0x22  Code  Gb  touch.o [2]
tp_init                  0x809'16c5      0x1d0  Code  Gb  touch.o [2]
tp_read_xoy              0x809'0a15      0x27e  Code  Lc  touch.o [2]
tp_read_xy               0x809'0c93       0x32  Code  Lc  touch.o [2]
tp_read_xy2              0x809'0cc5       0x9a  Code  Lc  touch.o [2]
tp_save_adjust_data      0x809'0ebf       0x1e  Code  Gb  touch.o [2]
tp_scan                  0x809'0ddf       0xe0  Code  Lc  touch.o [2]
trans_anim_cb            0x807'254d      0x1ce  Code  Lc  lv_obj_style.o [5]
trans_anim_ready_cb      0x807'275d      0x116  Code  Lc  lv_obj_style.o [5]
trans_anim_start_cb      0x807'271d       0x40  Code  Lc  lv_obj_style.o [5]
trans_del                0x807'2491       0xbc  Code  Lc  lv_obj_style.o [5]
u_dc                    0x2001'8440        0x4  Data  Gb  main.o [2]
unicode_list_1           0x80a'4e68       0x7c  Data  Lc  lv_font_montserrat_14.o [8]
unicode_list_1           0x80a'4ee4       0x7c  Data  Lc  lv_font_montserrat_22.o [8]
unicode_list_1           0x80a'4f60       0x7c  Data  Lc  lv_font_montserrat_32.o [8]
unicode_list_1           0x80a'4fdc       0x7c  Data  Lc  lv_font_montserrat_40.o [8]
unicode_list_compare     0x807'f4a5        0x8  Code  Lc  lv_font_fmt_txt.o [8]
uwTick                  0x2000'b5a0        0x4  Data  Gb  stm32f4xx_hal.o [4]
uwTickFreq              0x2000'b59c        0x1  Data  Gb  stm32f4xx_hal.o [4]
uwTickPrio              0x2000'b5a4        0x4  Data  Gb  stm32f4xx_hal.o [4]
value_changed_event_cb   0x80a'3fbd       0x38  Code  Lc  lv_calendar_header_arrow.o [7]
value_changed_event_cb   0x80a'42ad       0x44  Code  Lc  lv_calendar_header_dropdown.o [7]
value_update             0x809'4f7f       0xca  Code  Lc  lv_arc.o [14]
vsnprintf                0x808'3b55       0x3c  Code  Gb  vsnprint.o [15]
year_event_cb            0x80a'4271       0x3a  Code  Lc  lv_calendar_header_dropdown.o [7]
zero_mem                0x2000'0004        0x4  Data  Lc  lv_mem.o [12]


[1] = C:\Users\heuch\Desktop\ARM\STM32\Study\temp_measure_LVGL\EWARM\LTDC\Obj\CMSIS_6603591812247902717.dir
[2] = C:\Users\heuch\Desktop\ARM\STM32\Study\temp_measure_LVGL\EWARM\LTDC\Obj\Core_13247989168731456611.dir
[3] = C:\Users\heuch\Desktop\ARM\STM32\Study\temp_measure_LVGL\EWARM\LTDC\Obj\EWARM_18443280873093131863.dir
[4] = C:\Users\heuch\Desktop\ARM\STM32\Study\temp_measure_LVGL\EWARM\LTDC\Obj\STM32F4xx_HAL_Driver_1244631019742807970.dir
[5] = C:\Users\heuch\Desktop\ARM\STM32\Study\temp_measure_LVGL\EWARM\LTDC\Obj\core_12370908267808153421.dir
[6] = C:\Users\heuch\Desktop\ARM\STM32\Study\temp_measure_LVGL\EWARM\LTDC\Obj\draw_10542837691197429852.dir
[7] = C:\Users\heuch\Desktop\ARM\STM32\Study\temp_measure_LVGL\EWARM\LTDC\Obj\extra_16734186234889456325.dir
[8] = C:\Users\heuch\Desktop\ARM\STM32\Study\temp_measure_LVGL\EWARM\LTDC\Obj\font_15165346281545810489.dir
[9] = C:\Users\heuch\Desktop\ARM\STM32\Study\temp_measure_LVGL\EWARM\LTDC\Obj\gpu_2374637852588095281.dir
[10] = C:\Users\heuch\Desktop\ARM\STM32\Study\temp_measure_LVGL\EWARM\LTDC\Obj\hal_7470399288984429285.dir
[11] = C:\Users\heuch\Desktop\ARM\STM32\Study\temp_measure_LVGL\EWARM\LTDC\Obj\images_7183059988199839174.dir
[12] = C:\Users\heuch\Desktop\ARM\STM32\Study\temp_measure_LVGL\EWARM\LTDC\Obj\misc_2649020512424640869.dir
[13] = C:\Users\heuch\Desktop\ARM\STM32\Study\temp_measure_LVGL\EWARM\LTDC\Obj\porting_10553306724186100541.dir
[14] = C:\Users\heuch\Desktop\ARM\STM32\Study\temp_measure_LVGL\EWARM\LTDC\Obj\widgets_14443196474108422803.dir
[15] = dl7M_tlf.a
[16] = m7M_tls.a
[17] = rt7M_tl.a
[18] = shb_l.a

  221'610 bytes of readonly  code memory
  457'399 bytes of readonly  data memory
  107'861 bytes of readwrite data memory (+ 2'048'000 absolute)

Errors: none
Warnings: none
